[09:15:01 13/10/2025] 🚀 Cron job 'updateMovies' đã được khởi động thành công.
[09:17:06 13/10/2025] ⚡ Cron thủ công được kích hoạt qua API.
[09:17:06 13/10/2025] 🎬 [CRON] Kiểm tra phim sắp chiếu lúc 09:17:06 13/10/2025
[09:17:06 13/10/2025] ℹ️ Không có phim nào cần cập nhật hôm nay (09:17:06 13/10/2025)
[09:39:29 13/10/2025] ⚡ Cron thủ công được kích hoạt qua API.
[09:39:29 13/10/2025] 🎬 [CRON] Kiểm tra phim sắp chiếu lúc 09:39:29 13/10/2025
[09:39:29 13/10/2025] ℹ️ Không có phim nào cần cập nhật hôm nay (09:39:29 13/10/2025)
[09:39:56 13/10/2025] ⚡ Cron thủ công được kích hoạt qua API.
[09:39:56 13/10/2025] 🎬 [CRON] Kiểm tra phim sắp chiếu lúc 09:39:56 13/10/2025
[09:39:56 13/10/2025] ℹ️ Không có phim nào cần cập nhật hôm nay (09:39:56 13/10/2025)
[09:40:11 13/10/2025] 🚀 Cron job 'updateMovies' đã được khởi động thành công.
[09:48:44 13/10/2025] 🚀 Cron job 'updateMovies' đã được khởi động thành công.
[09:49:08 13/10/2025] ⚡ Cron thủ công được kích hoạt qua API.
[09:49:08 13/10/2025] 🎬 [CRON] Kiểm tra phim sắp chiếu lúc 09:49:08 13/10/2025
[09:49:08 13/10/2025] ℹ️ Không có phim nào cần cập nhật hôm nay (09:49:08 13/10/2025)
[09:49:42 13/10/2025] ⚡ Cron thủ công được kích hoạt qua API.
[09:49:42 13/10/2025] 🎬 [CRON] Kiểm tra phim sắp chiếu lúc 09:49:42 13/10/2025
[09:49:42 13/10/2025] ℹ️ Không có phim nào cần cập nhật hôm nay (09:49:42 13/10/2025)
[09:50:11 13/10/2025] ⚡ Cron thủ công được kích hoạt qua API.
[09:50:11 13/10/2025] 🎬 [CRON] Kiểm tra phim sắp chiếu lúc 09:50:11 13/10/2025
[09:50:11 13/10/2025] ℹ️ Không có phim nào cần cập nhật hôm nay (09:50:11 13/10/2025)
[09:51:36 13/10/2025] 🚀 Cron job 'updateMovies' đã được khởi động thành công.
[09:52:00 13/10/2025] 🎬 [CRON] Kiểm tra phim sắp chiếu lúc 09:52:00 13/10/2025
[09:52:00 13/10/2025] ℹ️ Không có phim nào cần cập nhật hôm nay (09:52:00 13/10/2025)
[09:52:12 13/10/2025] ⚡ Cron thủ công được kích hoạt qua API.
[09:52:12 13/10/2025] 🎬 [CRON] Kiểm tra phim sắp chiếu lúc 09:52:12 13/10/2025
[09:52:12 13/10/2025] ℹ️ Không có phim nào cần cập nhật hôm nay (09:52:12 13/10/2025)
[09:53:00 13/10/2025] 🎬 [CRON] Kiểm tra phim sắp chiếu lúc 09:53:00 13/10/2025
[09:53:00 13/10/2025] ℹ️ Không có phim nào cần cập nhật hôm nay (09:53:00 13/10/2025)
[09:54:00 13/10/2025] 🎬 [CRON] Kiểm tra phim sắp chiếu lúc 09:54:00 13/10/2025
[09:54:00 13/10/2025] ℹ️ Không có phim nào cần cập nhật hôm nay (09:54:00 13/10/2025)
[09:54:44 13/10/2025] 🚀 Cron job 'updateMovies' đã được khởi động thành công.
[09:55:00 13/10/2025] 🎬 [CRON] Kiểm tra phim sắp chiếu lúc 09:55:00 13/10/2025
[09:55:00 13/10/2025] ✅ Đã cập nhật 1 phim sang "đang chiếu" (ngày 09:55:00 13/10/2025)
[09:56:22 13/10/2025] 🚀 Cron job 'updateMovies' đã được khởi động thành công.
[10:01:41 13/10/2025] 🚀 Cron job 'updateMovies' đã được khởi động thành công.
[10:02:00 13/10/2025] 🎬 [CRON] Kiểm tra phim sắp chiếu lúc 10:02:00 13/10/2025
[10:02:00 13/10/2025] ℹ️ Không có phim nào cần cập nhật hôm nay (10:02:00 13/10/2025)
[10:03:08 13/10/2025] 🚀 Cron job 'updateMovies' đã được khởi động thành công.
[10:04:00 13/10/2025] 🎬 [CRON] Kiểm tra phim sắp chiếu lúc 10:04:00 13/10/2025
[10:04:00 13/10/2025] ℹ️ Không có phim nào cần cập nhật hôm nay (10:04:00 13/10/2025)
[10:05:00 13/10/2025] 🎬 [CRON] Kiểm tra phim sắp chiếu lúc 10:05:00 13/10/2025
[10:05:00 13/10/2025] ℹ️ Không có phim nào cần cập nhật hôm nay (10:05:00 13/10/2025)
[10:06:00 13/10/2025] 🎬 [CRON] Kiểm tra phim sắp chiếu lúc 10:06:00 13/10/2025
[10:06:00 13/10/2025] ✅ Đã cập nhật 1 phim sang "đang chiếu": TỔ QUỐC TRONG TIM : THE CONCERT FILM (ngày 10:06:00 13/10/2025)
[10:06:47 13/10/2025] 🚀 Cron job 'updateMovies' đã được khởi động thành công.
[10:07:00 13/10/2025] 🎬 [CRON] Kiểm tra phim sắp chiếu lúc 10:07:00 13/10/2025
[10:07:00 13/10/2025] ℹ️ Không có phim nào cần cập nhật hôm nay (10:07:00 13/10/2025)
[10:07:17 13/10/2025] 🚀 Cron job 'updateMovies' đã được khởi động thành công.
[11:35:45 13/10/2025] 🚀 Cron job 'updateMovies' đã được khởi động thành công.
[14:16:21 13/10/2025] 🚀 Cron job 'updateMovies' đã được khởi động thành công.
[14:22:54 13/10/2025] 🚀 Cron job 'updateMovies' đã được khởi động thành công.
[18:06:44 13/10/2025] 🚀 Cron job 'updateMovies' đã được khởi động thành công.
[08:19:46 14/10/2025] 🚀 Cron job 'updateMovies' đã được khởi động thành công.
[08:38:50 14/10/2025] 🚀 Cron job 'updateMovies' đã được khởi động thành công.
[09:44:45 14/10/2025] 🚀 Cron job 'updateMovies' đã được khởi động thành công.
[09:51:35 14/10/2025] 🚀 Cron job 'updateMovies' đã được khởi động thành công.
[09:54:46 14/10/2025] 🚀 Cron job 'updateMovies' đã được khởi động thành công.
[09:56:37 14/10/2025] 🚀 Cron job 'updateMovies' đã được khởi động thành công.
[10:14:25 14/10/2025] 🚀 Cron job 'updateMovies' đã được khởi động thành công.
[10:19:00 14/10/2025] 🚀 Cron job 'updateMovies' đã được khởi động thành công.
[10:20:57 14/10/2025] 🚀 Cron job 'updateMovies' đã được khởi động thành công.
[13:09:06 14/10/2025] 🚀 Cron job 'updateMovies' đã được khởi động thành công.
[13:10:52 14/10/2025] 🚀 Cron job 'updateMovies' đã được khởi động thành công.
[14:11:21 14/10/2025] 🚀 Cron job 'updateMovies' đã được khởi động thành công.
[14:19:19 14/10/2025] 🚀 Cron job 'updateMovies' đã được khởi động thành công.
[14:45:27 14/10/2025] 🚀 Cron job 'updateMovies' đã được khởi động thành công.
[14:46:45 14/10/2025] 🚀 Cron job 'updateMovies' đã được khởi động thành công.
[10:07:49 15/10/2025] 🚀 Cron job 'updateMovies' đã được khởi động thành công.
[16:24:23 15/10/2025] 🚀 Cron job 'updateMovies' đã được khởi động thành công.
[16:31:05 15/10/2025] 🚀 Cron job 'updateMovies' đã được khởi động thành công.
[16:47:33 15/10/2025] 🚀 Cron job 'updateMovies' đã được khởi động thành công.
[13:05:41 16/10/2025] 🚀 Cron job 'updateMovies' đã được khởi động thành công.
[13:19:20 16/10/2025] 🚀 Cron job 'updateMovies' đã được khởi động thành công.
[13:30:22 16/10/2025] 🚀 Cron job 'updateMovies' đã được khởi động thành công.
[13:30:28 16/10/2025] 🚀 Cron job 'updateMovies' đã được khởi động thành công.
[13:46:21 16/10/2025] 🚀 Cron job 'updateMovies' đã được khởi động thành công.
[13:54:40 16/10/2025] 🚀 Cron job 'updateMovies' đã được khởi động thành công.
[13:59:33 16/10/2025] 🚀 Cron job 'updateMovies' đã được khởi động thành công.
[14:14:40 16/10/2025] 🚀 Cron job 'updateMovies' đã được khởi động thành công.
[14:28:05 16/10/2025] 🚀 Cron job 'updateMovies' đã được khởi động thành công.
[14:42:58 16/10/2025] 🚀 Cron job 'updateMovies' đã được khởi động thành công.
[14:45:26 16/10/2025] 🚀 Cron job 'updateMovies' đã được khởi động thành công.
[14:54:34 16/10/2025] 🚀 Cron job 'updateMovies' đã được khởi động thành công.
[14:56:13 16/10/2025] 🚀 Cron job 'updateMovies' đã được khởi động thành công.
[15:01:01 16/10/2025] 🚀 Cron job 'updateMovies' đã được khởi động thành công.
[15:06:06 16/10/2025] 🚀 Cron job 'updateMovies' đã được khởi động thành công.
[08:12:24 17/10/2025] 🚀 Cron job 'updateMovies' đã được khởi động thành công.
[08:14:52 17/10/2025] 🚀 Cron job 'updateMovies' đã được khởi động thành công.
[08:16:09 17/10/2025] 🚀 Cron job 'updateMovies' đã được khởi động thành công.
[08:22:52 17/10/2025] 🚀 Cron job 'updateMovies' đã được khởi động thành công.
[08:25:39 17/10/2025] 🚀 Cron job 'updateMovies' đã được khởi động thành công.
[08:30:00 17/10/2025] 🎬 [CRON] Kiểm tra phim sắp chiếu lúc 08:30:00 17/10/2025
[08:30:00 17/10/2025] ✅ Đã cập nhật 1 phim sang "đang chiếu": CỤC VÀNG CỦA NGOẠI (ngày 08:30:00 17/10/2025)
[09:08:38 17/10/2025] 🚀 Cron job 'updateMovies' đã được khởi động thành công.
[11:11:47 17/10/2025] 🚀 Cron job 'updateMovies' đã được khởi động thành công.
[13:12:44 17/10/2025] 🚀 Cron job 'updateMovies' đã được khởi động thành công.
[13:41:46 17/10/2025] 🚀 Cron job 'updateMovies' đã được khởi động thành công.
[13:43:15 17/10/2025] 🚀 Cron job 'updateMovies' đã được khởi động thành công.
[14:25:45 17/10/2025] 🚀 Cron job 'updateMovies' đã được khởi động thành công.
[14:38:28 17/10/2025] 🚀 Cron job 'updateMovies' đã được khởi động thành công.
[14:44:59 17/10/2025] 🚀 Cron job 'updateMovies' đã được khởi động thành công.
[14:49:21 17/10/2025] 🚀 Cron job 'updateMovies' đã được khởi động thành công.
[14:53:24 17/10/2025] 🚀 Cron job 'updateMovies' đã được khởi động thành công.
[15:04:43 17/10/2025] 🚀 Cron job 'updateMovies' đã được khởi động thành công.
[14:01:13 18/10/2025] 🚀 Cron job 'updateMovies' đã được khởi động thành công.
[15:56:53 18/10/2025] 🚀 Cron job 'updateMovies' đã được khởi động thành công.
[15:57:42 18/10/2025] 🚀 Cron job 'updateMovies' đã được khởi động thành công.
[16:09:02 18/10/2025] 🚀 Cron job 'updateMovies' đã được khởi động thành công.
[16:15:44 18/10/2025] 🚀 Cron job 'updateMovies' đã được khởi động thành công.
[16:17:24 18/10/2025] 🚀 Cron job 'updateMovies' đã được khởi động thành công.
[16:19:47 18/10/2025] 🚀 Cron job 'updateMovies' đã được khởi động thành công.
[16:57:12 18/10/2025] 🚀 Cron job 'updateMovies' đã được khởi động thành công.
[17:00:12 18/10/2025] 🚀 Cron job 'updateMovies' đã được khởi động thành công.
[17:14:42 18/10/2025] 🚀 Cron job 'updateMovies' đã được khởi động thành công.
[17:19:57 18/10/2025] 🚀 Cron job 'updateMovies' đã được khởi động thành công.
[13:07:48 20/10/2025] 🚀 Cron job 'updateMovies' đã được khởi động thành công.
[13:43:22 20/10/2025] 🚀 Cron job 'updateMovies' đã được khởi động thành công.
[13:53:13 20/10/2025] 🚀 Cron job 'updateMovies' đã được khởi động thành công.
[13:58:15 20/10/2025] 🚀 Cron job 'updateMovies' đã được khởi động thành công.
[14:09:57 20/10/2025] 🚀 Cron job 'updateMovies' đã được khởi động thành công.
[14:50:52 20/10/2025] 🚀 Cron job 'updateMovies' đã được khởi động thành công.
[15:27:55 20/10/2025] 🚀 Cron job 'updateMovies' đã được khởi động thành công.
[15:38:50 20/10/2025] 🚀 Cron job 'updateMovies' đã được khởi động thành công.
[16:56:02 20/10/2025] 🚀 Cron job 'updateMovies' đã được khởi động thành công.
[16:57:09 20/10/2025] 🚀 Cron job 'updateMovies' đã được khởi động thành công.
[08:21:57 21/10/2025] 🚀 Cron job 'updateMovies' đã được khởi động thành công.
[08:30:00 21/10/2025] 🎬 [CRON] Kiểm tra phim sắp chiếu lúc 08:30:00 21/10/2025
[08:30:00 21/10/2025] ℹ️ Không có phim nào cần cập nhật hôm nay (08:30:00 21/10/2025)
[08:37:22 21/10/2025] 🚀 Cron job 'updateMovies' đã được khởi động thành công.
[08:41:38 21/10/2025] 🚀 Cron job 'updateMovies' đã được khởi động thành công.
[08:43:39 21/10/2025] 🚀 Cron job 'updateMovies' đã được khởi động thành công.
[08:50:44 21/10/2025] 🚀 Cron job 'updateMovies' đã được khởi động thành công.
[08:59:56 21/10/2025] 🚀 Cron job 'updateMovies' đã được khởi động thành công.
[09:24:47 21/10/2025] 🚀 Cron job 'updateMovies' đã được khởi động thành công.
[09:36:11 21/10/2025] 🚀 Cron job 'updateMovies' đã được khởi động thành công.
[09:38:25 21/10/2025] 🚀 Cron job 'updateMovies' đã được khởi động thành công.
[10:28:51 21/10/2025] 🚀 Cron job 'updateMovies' đã được khởi động thành công.
[10:57:34 21/10/2025] 🚀 Cron job 'updateMovies' đã được khởi động thành công.
[11:02:13 21/10/2025] 🚀 Cron job 'updateMovies' đã được khởi động thành công.
[11:04:16 21/10/2025] 🚀 Cron job 'updateMovies' đã được khởi động thành công.
[11:13:06 21/10/2025] 🚀 Cron job 'updateMovies' đã được khởi động thành công.
[13:19:30 21/10/2025] 🚀 Cron job 'updateMovies' đã được khởi động thành công.
[13:46:19 21/10/2025] 🚀 Cron job 'updateMovies' đã được khởi động thành công.
[14:52:49 21/10/2025] 🚀 Cron job 'updateMovies' đã được khởi động thành công.
[15:12:46 21/10/2025] 🚀 Cron job 'updateMovies' đã được khởi động thành công.
[15:19:04 21/10/2025] 🚀 Cron job 'updateMovies' đã được khởi động thành công.
[15:44:35 21/10/2025] 🚀 Cron job 'updateMovies' đã được khởi động thành công.
[20:11:49 21/10/2025] 🚀 Cron job 'updateMovies' đã được khởi động thành công.
[10:17:50 23/10/2025] 🚀 Cron job 'updateMovies' đã được khởi động thành công.
[10:43:53 23/10/2025] 🚀 Cron job 'updateMovies' đã được khởi động thành công.
[10:52:21 23/10/2025] 🚀 Cron job 'updateMovies' đã được khởi động thành công.
[11:00:01 23/10/2025] 🚀 Cron job 'updateMovies' đã được khởi động thành công.
[11:05:02 23/10/2025] 🚀 Cron job 'updateMovies' đã được khởi động thành công.
[11:10:11 23/10/2025] 🚀 Cron job 'updateMovies' đã được khởi động thành công.
[11:13:28 23/10/2025] 🚀 Cron job 'updateMovies' đã được khởi động thành công.
[12:49:25 23/10/2025] 🚀 Cron job 'updateMovies' đã được khởi động thành công.
[12:49:55 23/10/2025] 🚀 Cron job 'updateMovies' đã được khởi động thành công.
[12:53:18 23/10/2025] 🚀 Cron job 'updateMovies' đã được khởi động thành công.
[12:57:41 23/10/2025] 🚀 Cron job 'updateMovies' đã được khởi động thành công.
[13:04:23 23/10/2025] 🚀 Cron job 'updateMovies' đã được khởi động thành công.
[13:09:01 23/10/2025] 🚀 Cron job 'updateMovies' đã được khởi động thành công.
[13:26:54 23/10/2025] 🚀 Cron job 'updateMovies' đã được khởi động thành công.
[13:36:35 23/10/2025] 🚀 Cron job 'updateMovies' đã được khởi động thành công.
[15:01:20 23/10/2025] 🚀 Cron job 'updateMovies' đã được khởi động thành công.
[15:16:48 23/10/2025] 🚀 Cron job 'updateMovies' đã được khởi động thành công.
[15:17:39 23/10/2025] 🚀 Cron job 'updateMovies' đã được khởi động thành công.
[15:22:20 23/10/2025] 🚀 Cron job 'updateMovies' đã được khởi động thành công.
[15:26:10 23/10/2025] 🚀 Cron job 'updateMovies' đã được khởi động thành công.
[15:30:16 23/10/2025] 🚀 Cron job 'updateMovies' đã được khởi động thành công.
[15:34:49 23/10/2025] 🚀 Cron job 'updateMovies' đã được khởi động thành công.
[15:51:08 23/10/2025] 🚀 Cron job 'updateMovies' đã được khởi động thành công.
[16:02:29 23/10/2025] 🚀 Cron job 'updateMovies' đã được khởi động thành công.
[16:08:31 23/10/2025] 🚀 Cron job 'updateMovies' đã được khởi động thành công.
[16:30:15 23/10/2025] 🚀 Cron job 'updateMovies' đã được khởi động thành công.
[16:36:45 23/10/2025] 🚀 Cron job 'updateMovies' đã được khởi động thành công.
[16:42:53 23/10/2025] 🚀 Cron job 'updateMovies' đã được khởi động thành công.
[16:49:11 23/10/2025] 🚀 Cron job 'updateMovies' đã được khởi động thành công.
[16:56:05 23/10/2025] 🚀 Cron job 'updateMovies' đã được khởi động thành công.
[17:03:33 23/10/2025] 🚀 Cron job 'updateMovies' đã được khởi động thành công.
[17:14:38 23/10/2025] 🚀 Cron job 'updateMovies' đã được khởi động thành công.
[17:22:26 23/10/2025] 🚀 Cron job 'updateMovies' đã được khởi động thành công.
[20:50:11 23/10/2025] 🚀 Cron job 'updateMovies' đã được khởi động thành công.
[21:26:54 23/10/2025] 🚀 Cron job 'updateMovies' đã được khởi động thành công.
[08:08:47 24/10/2025] 🚀 Cron job 'updateMovies' đã được khởi động thành công.
[08:19:31 24/10/2025] 🚀 Cron job 'updateMovies' đã được khởi động thành công.
[08:24:23 24/10/2025] 🚀 Cron job 'updateMovies' đã được khởi động thành công.
[08:30:00 24/10/2025] 🎬 [CRON] Kiểm tra phim sắp chiếu lúc 08:30:00 24/10/2025
[08:30:00 24/10/2025] ℹ️ Không có phim nào cần cập nhật hôm nay (08:30:00 24/10/2025)
[08:38:37 24/10/2025] 🚀 Cron job 'updateMovies' đã được khởi động thành công.
[08:43:31 24/10/2025] 🚀 Cron job 'updateMovies' đã được khởi động thành công.
[08:43:55 24/10/2025] 🚀 Cron job 'updateMovies' đã được khởi động thành công.
[08:44:31 24/10/2025] 🚀 Cron job 'updateMovies' đã được khởi động thành công.
[08:47:19 24/10/2025] 🚀 Cron job 'updateMovies' đã được khởi động thành công.
[08:47:49 24/10/2025] 🚀 Cron job 'updateMovies' đã được khởi động thành công.
[08:51:36 24/10/2025] 🚀 Cron job 'updateMovies' đã được khởi động thành công.
[09:08:50 24/10/2025] 🚀 Cron job 'updateMovies' đã được khởi động thành công.
[13:13:38 24/10/2025] 🚀 Cron job 'updateMovies' đã được khởi động thành công.
[13:55:46 24/10/2025] 🚀 Cron job 'updateMovies' đã được khởi động thành công.
[21:05:46 25/10/2025] 🚀 Cron job 'updateMovies' đã được khởi động thành công.
[20:45:11 28/10/2025] 🚀 Cron job 'updateMovies' đã được khởi động thành công.
[08:51:16 29/10/2025] 🚀 Cron job 'updateMovies' đã được khởi động thành công.
[10:37:38 29/10/2025] 🚀 Cron job 'updateMovies' đã được khởi động thành công.
[18:21:28 29/10/2025] 🚀 Cron job 'updateMovies' đã được khởi động thành công.
[21:44:49 29/10/2025] 🚀 Cron job 'updateMovies' đã được khởi động thành công.
[22:16:35 29/10/2025] 🚀 Cron job 'updateMovies' đã được khởi động thành công.
[08:14:53 30/10/2025] 🚀 Cron job 'updateMovies' đã được khởi động thành công.
[08:30:00 30/10/2025] 🎬 [CRON] Kiểm tra phim sắp chiếu lúc 08:30:00 30/10/2025
[08:30:00 30/10/2025] ℹ️ Không có phim nào cần cập nhật hôm nay (08:30:00 30/10/2025)
[14:08:32 30/10/2025] 🚀 Cron job 'updateMovies' đã được khởi động thành công.
[19:19:46 30/10/2025] 🚀 Cron job 'updateMovies' đã được khởi động thành công.
[08:16:09 31/10/2025] 🚀 Cron job 'updateMovies' đã được khởi động thành công.
[08:30:00 31/10/2025] 🎬 [CRON] Kiểm tra phim sắp chiếu lúc 08:30:00 31/10/2025
[08:30:00 31/10/2025] ✅ Đã cập nhật 4 phim sang "đang chiếu": HÁ ĐÁM - SINH NHẬT MẸ (T13), CẢI MẢ, ĐIỆN THOẠI ĐEN 2, BỊT MẮT BẮT NAI (ngày 08:30:00 31/10/2025)
[14:24:42 1/11/2025] 🚀 Cron job 'updateMovies' đã được khởi động thành công.
[15:18:59 1/11/2025] 🚀 Cron job 'updateMovies' đã được khởi động thành công.
[15:22:52 1/11/2025] 🚀 Cron job 'updateMovies' đã được khởi động thành công.
[15:50:22 1/11/2025] 🚀 Cron job 'updateMovies' đã được khởi động thành công.
[16:09:29 1/11/2025] 🚀 Cron job 'updateMovies' đã được khởi động thành công.
[16:34:50 1/11/2025] 🚀 Cron job 'updateMovies' đã được khởi động thành công.
[16:36:50 1/11/2025] 🚀 Cron job 'updateMovies' đã được khởi động thành công.
[21:36:32 1/11/2025] 🚀 Cron job 'updateMovies' đã được khởi động thành công.
[21:37:43 1/11/2025] 🚀 Cron job 'updateMovies' đã được khởi động thành công.
[21:51:53 1/11/2025] 🚀 Cron job 'updateMovies' đã được khởi động thành công.
[21:55:38 1/11/2025] 🚀 Cron job 'updateMovies' đã được khởi động thành công.
[22:30:18 1/11/2025] 🚀 Cron job 'updateMovies' đã được khởi động thành công.
[22:35:49 1/11/2025] 🚀 Cron job 'updateMovies' đã được khởi động thành công.
[22:48:40 1/11/2025] 🚀 Cron job 'updateMovies' đã được khởi động thành công.
[22:54:18 1/11/2025] 🚀 Cron job 'updateMovies' đã được khởi động thành công.
[23:01:27 1/11/2025] 🚀 Cron job 'updateMovies' đã được khởi động thành công.
[23:06:54 1/11/2025] 🚀 Cron job 'updateMovies' đã được khởi động thành công.
[23:07:26 1/11/2025] 🚀 Cron job 'updateMovies' đã được khởi động thành công.
[23:21:45 1/11/2025] 🚀 Cron job 'updateMovies' đã được khởi động thành công.
[23:43:28 1/11/2025] 🚀 Cron job 'updateMovies' đã được khởi động thành công.
[23:51:57 1/11/2025] 🚀 Cron job 'updateMovies' đã được khởi động thành công.
[00:06:52 2/11/2025] 🚀 Cron job 'updateMovies' đã được khởi động thành công.
[00:10:20 2/11/2025] 🚀 Cron job 'updateMovies' đã được khởi động thành công.
[00:27:42 2/11/2025] 🚀 Cron job 'updateMovies' đã được khởi động thành công.
[00:38:40 2/11/2025] 🚀 Cron job 'updateMovies' đã được khởi động thành công.
[00:42:24 2/11/2025] 🚀 Cron job 'updateMovies' đã được khởi động thành công.
[00:56:45 2/11/2025] 🚀 Cron job 'updateMovies' đã được khởi động thành công.
[01:01:15 2/11/2025] 🚀 Cron job 'updateMovies' đã được khởi động thành công.
[01:07:21 2/11/2025] 🚀 Cron job 'updateMovies' đã được khởi động thành công.
[10:23:26 2/11/2025] 🚀 Cron job 'updateMovies' đã được khởi động thành công.
[16:11:47 2/11/2025] 🚀 Cron job 'updateMovies' đã được khởi động thành công.
[17:13:10 2/11/2025] 🚀 Cron job 'updateMovies' đã được khởi động thành công.
[13:37:11 3/11/2025] 🚀 Cron job 'updateMovies' đã được khởi động thành công.
[13:52:06 3/11/2025] 🚀 Cron job 'updateMovies' đã được khởi động thành công.
[14:39:58 3/11/2025] 🚀 Cron job 'updateMovies' đã được khởi động thành công.
[15:01:22 3/11/2025] 🚀 Cron job 'updateMovies' đã được khởi động thành công.
[15:05:28 3/11/2025] 🚀 Cron job 'updateMovies' đã được khởi động thành công.
[16:04:30 3/11/2025] 🚀 Cron job 'updateMovies' đã được khởi động thành công.
[18:31:27 3/11/2025] 🚀 Cron job 'updateMovies' đã được khởi động thành công.
[21:19:20 3/11/2025] 🚀 Cron job 'updateMovies' đã được khởi động thành công.
[16:27:42 4/11/2025] 🚀 Cron job 'updateMovies' đã được khởi động thành công.
[17:01:49 4/11/2025] 🚀 Cron job 'updateMovies' đã được khởi động thành công.
[08:11:37 5/11/2025] 🚀 Cron job 'updateMovies' đã được khởi động thành công.
[08:30:00 5/11/2025] 🎬 [CRON] Kiểm tra phim sắp chiếu lúc 08:30:00 5/11/2025
[08:30:00 5/11/2025] ℹ️ Không có phim nào cần cập nhật hôm nay (08:30:00 5/11/2025)
[08:35:10 5/11/2025] 🚀 Cron job 'updateMovies' đã được khởi động thành công.
[09:03:37 5/11/2025] 🚀 Cron job 'updateMovies' đã được khởi động thành công.
[09:15:31 5/11/2025] 🚀 Cron job 'updateMovies' đã được khởi động thành công.
[09:24:04 5/11/2025] 🚀 Cron job 'updateMovies' đã được khởi động thành công.
[09:31:29 5/11/2025] 🚀 Cron job 'updateMovies' đã được khởi động thành công.
[09:39:48 5/11/2025] 🚀 Cron job 'updateMovies' đã được khởi động thành công.
[09:41:27 5/11/2025] 🚀 Cron job 'updateMovies' đã được khởi động thành công.
[10:26:16 5/11/2025] 🚀 Cron job 'updateMovies' đã được khởi động thành công.
[10:49:49 5/11/2025] 🚀 Cron job 'updateMovies' đã được khởi động thành công.
[10:54:47 5/11/2025] 🚀 Cron job 'updateMovies' đã được khởi động thành công.
[11:32:41 5/11/2025] 🚀 Cron job 'updateMovies' đã được khởi động thành công.
[11:41:56 5/11/2025] 🚀 Cron job 'updateMovies' đã được khởi động thành công.
[11:45:11 5/11/2025] 🚀 Cron job 'updateMovies' đã được khởi động thành công.
[13:19:45 5/11/2025] 🚀 Cron job 'updateMovies' đã được khởi động thành công.
[13:21:55 5/11/2025] 🚀 Cron job 'updateMovies' đã được khởi động thành công.
[13:22:16 5/11/2025] 🚀 Cron job 'updateMovies' đã được khởi động thành công.
[13:24:32 5/11/2025] 🚀 Cron job 'updateMovies' đã được khởi động thành công.
[13:41:20 5/11/2025] 🚀 Cron job 'updateMovies' đã được khởi động thành công.
[13:42:21 5/11/2025] 🚀 Cron job 'updateMovies' đã được khởi động thành công.
[13:52:19 5/11/2025] 🚀 Cron job 'updateMovies' đã được khởi động thành công.
[13:52:53 5/11/2025] 🚀 Cron job 'updateMovies' đã được khởi động thành công.
[14:03:45 5/11/2025] 🚀 Cron job 'updateMovies' đã được khởi động thành công.
[15:12:59 5/11/2025] 🚀 Cron job 'updateMovies' đã được khởi động thành công.
[16:07:07 5/11/2025] 🚀 Cron job 'updateMovies' đã được khởi động thành công.
[09:15:36 6/11/2025] 🚀 Cron job 'updateMovies' đã được khởi động thành công.
[10:19:02 6/11/2025] 🚀 Cron job 'updateMovies' đã được khởi động thành công.
[10:29:00 6/11/2025] 🚀 Cron job 'updateMovies' đã được khởi động thành công.
[10:33:24 6/11/2025] 🚀 Cron job 'updateMovies' đã được khởi động thành công.
[11:33:42 6/11/2025] 🚀 Cron job 'updateMovies' đã được khởi động thành công.
[11:37:00 6/11/2025] 🚀 Cron job 'updateMovies' đã được khởi động thành công.
[13:26:38 6/11/2025] 🚀 Cron job 'updateMovies' đã được khởi động thành công.
[13:51:53 6/11/2025] 🚀 Cron job 'updateMovies' đã được khởi động thành công.
[14:00:56 6/11/2025] 🚀 Cron job 'updateMovies' đã được khởi động thành công.
[14:13:49 6/11/2025] 🚀 Cron job 'updateMovies' đã được khởi động thành công.
[14:25:45 6/11/2025] 🚀 Cron job 'updateMovies' đã được khởi động thành công.
[14:29:03 6/11/2025] 🚀 Cron job 'updateMovies' đã được khởi động thành công.
[14:37:08 6/11/2025] 🚀 Cron job 'updateMovies' đã được khởi động thành công.
[14:47:11 6/11/2025] 🚀 Cron job 'updateMovies' đã được khởi động thành công.
[14:48:58 6/11/2025] 🚀 Cron job 'updateMovies' đã được khởi động thành công.
[14:51:39 6/11/2025] 🚀 Cron job 'updateMovies' đã được khởi động thành công.
[14:57:21 6/11/2025] 🚀 Cron job 'updateMovies' đã được khởi động thành công.
[15:03:19 6/11/2025] 🚀 Cron job 'updateMovies' đã được khởi động thành công.
[15:12:05 6/11/2025] 🚀 Cron job 'updateMovies' đã được khởi động thành công.
[16:14:22 6/11/2025] 🚀 Cron job 'updateMovies' đã được khởi động thành công.
[16:24:39 6/11/2025] 🚀 Cron job 'updateMovies' đã được khởi động thành công.
[16:30:16 6/11/2025] 🚀 Cron job 'updateMovies' đã được khởi động thành công.
[16:44:00 6/11/2025] 🚀 Cron job 'updateMovies' đã được khởi động thành công.
[16:49:01 6/11/2025] 🚀 Cron job 'updateMovies' đã được khởi động thành công.
[17:16:12 6/11/2025] 🚀 Cron job 'updateMovies' đã được khởi động thành công.
[17:30:03 6/11/2025] 🚀 Cron job 'updateMovies' đã được khởi động thành công.
[17:51:31 6/11/2025] 🚀 Cron job 'updateMovies' đã được khởi động thành công.
[17:58:20 6/11/2025] 🚀 Cron job 'updateMovies' đã được khởi động thành công.
[08:18:45 7/11/2025] 🚀 Cron job 'updateMovies' đã được khởi động thành công.
[08:30:00 7/11/2025] 🎬 [CRON] Kiểm tra phim sắp chiếu lúc 08:30:00 7/11/2025
[08:30:00 7/11/2025] ✅ Đã cập nhật 4 phim sang "đang chiếu": PHÒNG TRỌ MA BẦU, QUÁI THÚ VÔ HÌNH - VÙNG ĐẤT CHẾT CHÓC, TÌNH NGƯỜI DUYÊN MA - NHẮM MAK YÊU LUÔN, TRÁI TIM QUÈ QUẶT (ngày 08:30:00 7/11/2025)
[15:01:27 7/11/2025] 🚀 Cron job 'updateMovies' đã được khởi động thành công.
[15:33:51 7/11/2025] 🚀 Cron job 'updateMovies' đã được khởi động thành công.
[15:34:59 7/11/2025] 🚀 Cron job 'updateMovies' đã được khởi động thành công.
[15:38:15 7/11/2025] 🚀 Cron job 'updateMovies' đã được khởi động thành công.
[15:45:01 7/11/2025] 🚀 Cron job 'updateMovies' đã được khởi động thành công.
[15:58:32 7/11/2025] 🚀 Cron job 'updateMovies' đã được khởi động thành công.
[16:06:49 7/11/2025] 🚀 Cron job 'updateMovies' đã được khởi động thành công.
[16:33:31 7/11/2025] 🚀 Cron job 'updateMovies' đã được khởi động thành công.
[10:37:14 10/11/2025] 🚀 Cron job 'updateMovies' đã được khởi động thành công.
[11:55:42 10/11/2025] 🚀 Cron job 'updateMovies' đã được khởi động thành công.
[12:15:55 10/11/2025] 🚀 Cron job 'updateMovies' đã được khởi động thành công.
[12:19:37 10/11/2025] 🚀 Cron job 'updateMovies' đã được khởi động thành công.
[12:22:34 10/11/2025] 🚀 Cron job 'updateMovies' đã được khởi động thành công.
[12:40:04 10/11/2025] 🚀 Cron job 'updateMovies' đã được khởi động thành công.
[12:47:25 10/11/2025] 🚀 Cron job 'updateMovies' đã được khởi động thành công.
[12:56:14 10/11/2025] 🚀 Cron job 'updateMovies' đã được khởi động thành công.
[13:04:04 10/11/2025] 🚀 Cron job 'updateMovies' đã được khởi động thành công.
[13:05:04 10/11/2025] 🚀 Cron job 'updateMovies' đã được khởi động thành công.
[13:08:53 10/11/2025] 🚀 Cron job 'updateMovies' đã được khởi động thành công.
[13:16:01 10/11/2025] 🚀 Cron job 'updateMovies' đã được khởi động thành công.
[13:23:18 10/11/2025] 🚀 Cron job 'updateMovies' đã được khởi động thành công.
[13:27:18 10/11/2025] 🚀 Cron job 'updateMovies' đã được khởi động thành công.
[14:24:58 10/11/2025] 🚀 Cron job 'updateMovies' đã được khởi động thành công.
[14:35:19 10/11/2025] 🚀 Cron job 'updateMovies' đã được khởi động thành công.
[14:37:42 10/11/2025] 🚀 Cron job 'updateMovies' đã được khởi động thành công.
[15:16:50 10/11/2025] 🚀 Cron job 'updateMovies' đã được khởi động thành công.
[15:54:52 10/11/2025] 🚀 Cron job 'updateMovies' đã được khởi động thành công.
[15:56:31 10/11/2025] 🚀 Cron job 'updateMovies' đã được khởi động thành công.
[15:59:13 10/11/2025] 🚀 Cron job 'updateMovies' đã được khởi động thành công.
[16:13:59 10/11/2025] 🚀 Cron job 'updateMovies' đã được khởi động thành công.
[16:32:02 10/11/2025] 🚀 Cron job 'updateMovies' đã được khởi động thành công.
[16:39:23 10/11/2025] 🚀 Cron job 'updateMovies' đã được khởi động thành công.
[16:49:38 10/11/2025] 🚀 Cron job 'updateMovies' đã được khởi động thành công.
[16:56:02 10/11/2025] 🚀 Cron job 'updateMovies' đã được khởi động thành công.
[17:04:51 10/11/2025] 🚀 Cron job 'updateMovies' đã được khởi động thành công.
[17:10:59 10/11/2025] 🚀 Cron job 'updateMovies' đã được khởi động thành công.
[17:13:42 10/11/2025] 🚀 Cron job 'updateMovies' đã được khởi động thành công.
[17:18:43 10/11/2025] 🚀 Cron job 'updateMovies' đã được khởi động thành công.
[17:21:31 10/11/2025] 🚀 Cron job 'updateMovies' đã được khởi động thành công.
[18:36:55 10/11/2025] 🚀 Cron job 'updateMovies' đã được khởi động thành công.
[19:02:16 10/11/2025] 🚀 Cron job 'updateMovies' đã được khởi động thành công.
[19:14:02 10/11/2025] 🚀 Cron job 'updateMovies' đã được khởi động thành công.
[08:12:07 11/11/2025] 🚀 Cron job 'updateMovies' đã được khởi động thành công.
[08:27:37 11/11/2025] 🚀 Cron job 'updateMovies' đã được khởi động thành công.
[08:30:00 11/11/2025] 🎬 [CRON] Kiểm tra phim sắp chiếu lúc 08:30:00 11/11/2025
[08:30:00 11/11/2025] ℹ️ Không có phim nào cần cập nhật hôm nay (08:30:00 11/11/2025)
[08:58:33 11/11/2025] 🚀 Cron job 'updateMovies' đã được khởi động thành công.
[09:00:59 11/11/2025] 🚀 Cron job 'updateMovies' đã được khởi động thành công.
[09:09:09 11/11/2025] 🚀 Cron job 'updateMovies' đã được khởi động thành công.
[09:40:45 11/11/2025] 🚀 Cron job 'updateMovies' đã được khởi động thành công.
[09:41:44 11/11/2025] 🚀 Cron job 'updateMovies' đã được khởi động thành công.
[09:47:20 11/11/2025] 🚀 Cron job 'updateMovies' đã được khởi động thành công.
[13:55:48 11/11/2025] 🚀 Cron job 'updateMovies' đã được khởi động thành công.
[14:09:36 11/11/2025] 🚀 Cron job 'updateMovies' đã được khởi động thành công.
[14:19:58 11/11/2025] 🚀 Cron job 'updateMovies' đã được khởi động thành công.
[14:37:02 11/11/2025] 🚀 Cron job 'updateMovies' đã được khởi động thành công.
[14:50:07 11/11/2025] 🚀 Cron job 'updateMovies' đã được khởi động thành công.
[14:59:37 11/11/2025] 🚀 Cron job 'updateMovies' đã được khởi động thành công.
[15:04:51 11/11/2025] 🚀 Cron job 'updateMovies' đã được khởi động thành công.
[15:23:30 11/11/2025] 🚀 Cron job 'updateMovies' đã được khởi động thành công.
[15:39:15 11/11/2025] 🚀 Cron job 'updateMovies' đã được khởi động thành công.
[15:39:53 11/11/2025] 🚀 Cron job 'updateMovies' đã được khởi động thành công.
[15:40:13 11/11/2025] 🚀 Cron job 'updateMovies' đã được khởi động thành công.
[16:00:38 11/11/2025] 🚀 Cron job 'updateMovies' đã được khởi động thành công.
[16:04:23 11/11/2025] 🚀 Cron job 'updateMovies' đã được khởi động thành công.
[16:11:34 11/11/2025] 🚀 Cron job 'updateMovies' đã được khởi động thành công.
[16:32:31 11/11/2025] 🚀 Cron job 'updateMovies' đã được khởi động thành công.
[08:13:21 12/11/2025] 🚀 Cron job 'updateMovies' đã được khởi động thành công.
[08:25:26 12/11/2025] 🚀 Cron job 'updateMovies' đã được khởi động thành công.
[08:30:00 12/11/2025] 🎬 [CRON] Kiểm tra phim sắp chiếu lúc 08:30:00 12/11/2025
[08:30:00 12/11/2025] ℹ️ Không có phim nào cần cập nhật hôm nay (08:30:00 12/11/2025)
[08:34:53 12/11/2025] 🚀 Cron job 'updateMovies' đã được khởi động thành công.
[08:42:57 12/11/2025] 🚀 Cron job 'updateMovies' đã được khởi động thành công.
[08:45:42 12/11/2025] 🚀 Cron job 'updateMovies' đã được khởi động thành công.
[08:48:58 12/11/2025] 🚀 Cron job 'updateMovies' đã được khởi động thành công.
[09:10:48 12/11/2025] 🚀 Cron job 'updateMovies' đã được khởi động thành công.
[09:49:46 12/11/2025] 🚀 Cron job 'updateMovies' đã được khởi động thành công.
[10:57:15 12/11/2025] 🚀 Cron job 'updateMovies' đã được khởi động thành công.
[11:14:08 12/11/2025] 🚀 Cron job 'updateMovies' đã được khởi động thành công.
[11:30:47 12/11/2025] 🚀 Cron job 'updateMovies' đã được khởi động thành công.
[13:05:35 12/11/2025] 🚀 Cron job 'updateMovies' đã được khởi động thành công.
[13:21:02 12/11/2025] 🚀 Cron job 'updateMovies' đã được khởi động thành công.
[13:26:07 12/11/2025] 🚀 Cron job 'updateMovies' đã được khởi động thành công.
[13:37:58 12/11/2025] 🚀 Cron job 'updateMovies' đã được khởi động thành công.
[13:45:27 12/11/2025] 🚀 Cron job 'updateMovies' đã được khởi động thành công.
[13:46:32 12/11/2025] 🚀 Cron job 'updateMovies' đã được khởi động thành công.
[13:49:58 12/11/2025] 🚀 Cron job 'updateMovies' đã được khởi động thành công.
[13:56:26 12/11/2025] 🚀 Cron job 'updateMovies' đã được khởi động thành công.
[14:01:17 12/11/2025] 🚀 Cron job 'updateMovies' đã được khởi động thành công.
[14:03:08 12/11/2025] 🚀 Cron job 'updateMovies' đã được khởi động thành công.
[14:11:55 12/11/2025] 🚀 Cron job 'updateMovies' đã được khởi động thành công.
[14:14:14 12/11/2025] 🚀 Cron job 'updateMovies' đã được khởi động thành công.
[14:41:14 12/11/2025] 🚀 Cron job 'updateMovies' đã được khởi động thành công.
[14:45:50 12/11/2025] 🚀 Cron job 'updateMovies' đã được khởi động thành công.
[14:48:12 12/11/2025] 🚀 Cron job 'updateMovies' đã được khởi động thành công.
[14:53:22 12/11/2025] 🚀 Cron job 'updateMovies' đã được khởi động thành công.
[14:58:05 12/11/2025] 🚀 Cron job 'updateMovies' đã được khởi động thành công.
[14:59:58 12/11/2025] 🚀 Cron job 'updateMovies' đã được khởi động thành công.
[15:13:33 12/11/2025] 🚀 Cron job 'updateMovies' đã được khởi động thành công.
[15:18:33 12/11/2025] 🚀 Cron job 'updateMovies' đã được khởi động thành công.
[15:32:53 12/11/2025] 🚀 Cron job 'updateMovies' đã được khởi động thành công.
[15:36:03 12/11/2025] 🚀 Cron job 'updateMovies' đã được khởi động thành công.
[15:46:25 12/11/2025] 🚀 Cron job 'updateMovies' đã được khởi động thành công.
[16:03:16 12/11/2025] 🚀 Cron job 'updateMovies' đã được khởi động thành công.
[16:38:32 12/11/2025] 🚀 Cron job 'updateMovies' đã được khởi động thành công.
[16:41:23 12/11/2025] 🚀 Cron job 'updateMovies' đã được khởi động thành công.
[16:46:25 12/11/2025] 🚀 Cron job 'updateMovies' đã được khởi động thành công.
[16:55:44 12/11/2025] 🚀 Cron job 'updateMovies' đã được khởi động thành công.
[08:06:56 13/11/2025] 🚀 Cron job 'updateMovies' đã được khởi động thành công.
[08:17:44 13/11/2025] 🚀 Cron job 'updateMovies' đã được khởi động thành công.
[09:04:59 13/11/2025] 🚀 Cron job 'updateMovies' đã được khởi động thành công.
[09:09:04 13/11/2025] 🚀 Cron job 'updateMovies' đã được khởi động thành công.
[09:21:17 13/11/2025] 🚀 Cron job 'updateMovies' đã được khởi động thành công.
[09:23:56 13/11/2025] 🚀 Cron job 'updateMovies' đã được khởi động thành công.
[09:25:38 13/11/2025] 🚀 Cron job 'updateMovies' đã được khởi động thành công.
[09:27:06 13/11/2025] 🚀 Cron job 'updateMovies' đã được khởi động thành công.
[09:32:58 13/11/2025] 🚀 Cron job 'updateMovies' đã được khởi động thành công.
[09:34:15 13/11/2025] 🚀 Cron job 'updateMovies' đã được khởi động thành công.
[09:37:13 13/11/2025] 🚀 Cron job 'updateMovies' đã được khởi động thành công.
[09:39:15 13/11/2025] 🚀 Cron job 'updateMovies' đã được khởi động thành công.
[09:40:23 13/11/2025] 🚀 Cron job 'updateMovies' đã được khởi động thành công.
[09:43:09 13/11/2025] 🚀 Cron job 'updateMovies' đã được khởi động thành công.
[09:44:04 13/11/2025] 🚀 Cron job 'updateMovies' đã được khởi động thành công.
[09:45:20 13/11/2025] 🚀 Cron job 'updateMovies' đã được khởi động thành công.
[09:46:49 13/11/2025] 🚀 Cron job 'updateMovies' đã được khởi động thành công.
[09:56:13 13/11/2025] 🚀 Cron job 'updateMovies' đã được khởi động thành công.
[10:03:08 13/11/2025] 🚀 Cron job 'updateMovies' đã được khởi động thành công.
[13:04:25 14/11/2025] 🚀 Cron job 'updateMovies' đã được khởi động thành công.
[10:50:34 15/11/2025] 🚀 Cron job 'updateMovies' đã được khởi động thành công.
[10:49:14 16/11/2025] 🚀 Cron job 'updateMovies' đã được khởi động thành công.
[16:06:10 16/11/2025] 🚀 Cron job 'updateMovies' đã được khởi động thành công.
[16:12:04 16/11/2025] 🚀 Cron job 'updateMovies' đã được khởi động thành công.
[13:20:05 17/11/2025] 🚀 Cron job 'updateMovies' đã được khởi động thành công.
[13:35:56 17/11/2025] 🚀 Cron job 'updateMovies' đã được khởi động thành công.
[13:58:01 17/11/2025] 🚀 Cron job 'updateMovies' đã được khởi động thành công.
[13:59:27 17/11/2025] 🚀 Cron job 'updateMovies' đã được khởi động thành công.
[14:09:30 17/11/2025] 🚀 Cron job 'updateMovies' đã được khởi động thành công.
[14:47:55 17/11/2025] 🚀 Cron job 'updateMovies' đã được khởi động thành công.
[15:06:08 17/11/2025] 🚀 Cron job 'updateMovies' đã được khởi động thành công.
[15:48:18 17/11/2025] 🚀 Cron job 'updateMovies' đã được khởi động thành công.
[18:13:08 18/11/2025] 🚀 Cron job 'updateMovies' đã được khởi động thành công.
[10:31:07 19/11/2025] 🚀 Cron job 'updateMovies' đã được khởi động thành công.
[10:42:22 19/11/2025] 🚀 Cron job 'updateMovies' đã được khởi động thành công.
[10:57:17 19/11/2025] 🚀 Cron job 'updateMovies' đã được khởi động thành công.
[11:04:30 19/11/2025] 🚀 Cron job 'updateMovies' đã được khởi động thành công.
[11:14:14 19/11/2025] 🚀 Cron job 'updateMovies' đã được khởi động thành công.
[11:28:27 19/11/2025] 🚀 Cron job 'updateMovies' đã được khởi động thành công.
[11:36:01 19/11/2025] 🚀 Cron job 'updateMovies' đã được khởi động thành công.
[11:03:51 25/11/2025] 🚀 Cron job 'updateMovies' đã được khởi động thành công.
[11:23:00 25/11/2025] 🚀 Cron job 'updateMovies' đã được khởi động thành công.
[11:46:32 25/11/2025] 🚀 Cron job 'updateMovies' đã được khởi động thành công.
[12:14:38 26/11/2025] 🚀 Cron job 'updateMovies' đã được khởi động thành công.
[13:52:26 26/11/2025] 🚀 Cron job 'updateMovies' đã được khởi động thành công.
[14:14:11 26/11/2025] 🚀 Cron job 'updateMovies' đã được khởi động thành công.
[14:17:09 26/11/2025] 🚀 Cron job 'updateMovies' đã được khởi động thành công.
[14:20:17 26/11/2025] 🚀 Cron job 'updateMovies' đã được khởi động thành công.
[14:21:21 26/11/2025] 🚀 Cron job 'updateMovies' đã được khởi động thành công.
[14:31:47 26/11/2025] 🚀 Cron job 'updateMovies' đã được khởi động thành công.
[14:36:26 26/11/2025] 🚀 Cron job 'updateMovies' đã được khởi động thành công.
[11:20:30 1/12/2025] 🚀 Cron job 'updateMovies' đã được khởi động thành công.
[11:36:32 1/12/2025] 🚀 Cron job 'updateMovies' đã được khởi động thành công.
[14:58:11 1/12/2025] 🚀 Cron job 'updateMovies' đã được khởi động thành công.
[15:13:43 1/12/2025] 🚀 Cron job 'updateMovies' đã được khởi động thành công.
[15:24:50 1/12/2025] 🚀 Cron job 'updateMovies' đã được khởi động thành công.
[16:50:03 1/12/2025] 🚀 Cron job 'updateMovies' đã được khởi động thành công.
[16:52:40 1/12/2025] 🚀 Cron job 'updateMovies' đã được khởi động thành công.
[16:55:30 1/12/2025] 🚀 Cron job 'updateMovies' đã được khởi động thành công.
[16:58:05 1/12/2025] 🚀 Cron job 'updateMovies' đã được khởi động thành công.
[17:02:40 1/12/2025] 🚀 Cron job 'updateMovies' đã được khởi động thành công.
[19:04:12 1/12/2025] 🚀 Cron job 'updateMovies' đã được khởi động thành công.
[22:08:16 1/12/2025] 🚀 Cron job 'updateMovies' đã được khởi động thành công.
[23:14:56 1/12/2025] 🚀 Cron job 'updateMovies' đã được khởi động thành công.
[23:31:38 1/12/2025] 🚀 Cron job 'updateMovies' đã được khởi động thành công.
[23:58:51 1/12/2025] 🚀 Cron job 'updateMovies' đã được khởi động thành công.
[00:07:40 2/12/2025] 🚀 Cron job 'updateMovies' đã được khởi động thành công.
[00:17:52 2/12/2025] 🚀 Cron job 'updateMovies' đã được khởi động thành công.
[10:38:04 2/12/2025] 🚀 Cron job 'updateMovies' đã được khởi động thành công.
[14:21:53 2/12/2025] 🚀 Cron job 'updateMovies' đã được khởi động thành công.
[14:22:36 2/12/2025] 🚀 Cron job 'updateMovies' đã được khởi động thành công.
[15:50:53 2/12/2025] 🚀 Cron job 'updateMovies' đã được khởi động thành công.
[21:22:15 3/12/2025] 🚀 Cron job 'updateMovies' đã được khởi động thành công.
[21:43:42 3/12/2025] 🚀 Cron job 'updateMovies' đã được khởi động thành công.
[10:57:55 4/12/2025] 🚀 Cron job 'updateMovies' đã được khởi động thành công.
[12:11:16 5/12/2025] 🚀 Cron job 'updateMovies' đã được khởi động thành công.
[17:30:26 5/12/2025] 🚀 Cron job 'updateMovies' đã được khởi động thành công.
[17:53:36 5/12/2025] 🚀 Cron job 'updateMovies' đã được khởi động thành công.
[17:56:48 5/12/2025] 🚀 Cron job 'updateMovies' đã được khởi động thành công.
[20:51:45 6/12/2025] 🚀 Cron job 'updateMovies' đã được khởi động thành công.
[08:56:56 16/12/2025] 🚀 Cron job 'updateMovies' đã được khởi động thành công.
