[08:56:56 16/12/2025] [INFO] 🎬 Bắt đầu theo dõi thay đổi trạng thái phim...
[08:56:56 16/12/2025] [INFO] 🚀 Khởi động CRON tự động tạo suất chiếu...
[08:56:56 16/12/2025] [INFO] 🕒 Bắt đầu tạo suất chiếu cho tuần hiện tại...
[08:56:56 16/12/2025] [INFO] 🧹 Đã xoá toàn bộ suất chiếu cũ hơn 1 tuần.
[08:56:57 16/12/2025] [INFO] 📆 Tuần 15/12/2025 → 21/12/2025
[08:56:57 16/12/2025] [INFO] 
📅 Ngày 15/12/2025 (T2)
[08:56:57 16/12/2025] [INFO] 🎬  PHI VỤ THẾ KỶ - THOẮT ẨN THOẮT HIỆN (T13) | 3 | 09:00 → 11:08
[08:56:57 16/12/2025] [INFO] 🎬 🔥 ANH TRAI SAY XE | 3 | 13:30 → 15:35
[08:56:57 16/12/2025] [INFO] 🎬 🔥 PHIÊN CHỢ CỦA QUỶ | 3 | 20:15 → 22:07
[08:56:57 16/12/2025] [INFO] 🎬 🔥 PHÒNG TRỌ MA BẦU | 3 | 22:30 → 00:27
[08:56:58 16/12/2025] [INFO] 🎬 🔥 TRUY TÌM LONG DIÊN HƯƠNG | 3 | 15:45 → 18:10
[08:56:58 16/12/2025] [INFO] 🎬 NĂM ĐÊM KINH HOÀNG 2 | 3 | 22:30 → 00:29
[08:56:58 16/12/2025] [INFO] 📽️ 3: 6/6 suất
[08:56:58 16/12/2025] [INFO] 🎬  ĐIỆN THOẠI ĐEN 2 | 7 | 09:00 → 11:07
[08:56:58 16/12/2025] [INFO] 🎬  QUÁN KỲ NAM | 7 | 13:30 → 16:00
[08:56:58 16/12/2025] [INFO] 🎬  TAFITI NÁO LOẠN SA MẠC | 7 | 11:15 → 12:50
[08:56:58 16/12/2025] [INFO] 🎬 🔥 ANH TRAI SAY XE | 7 | 22:30 → 00:35
[08:56:59 16/12/2025] [INFO] 🎬 PHI VỤ THẾ KỶ - THOẮT ẨN THOẮT HIỆN (T13) | 7 | 15:45 → 17:53
[08:56:59 16/12/2025] [INFO] 🎬 WICKED - PHẦN 2 | 7 | 20:15 → 22:48
[08:56:59 16/12/2025] [INFO] 📽️ 7: 6/6 suất
[08:56:59 16/12/2025] [INFO] 🎬  CƯỚI VỢ CHO CHA | 6 | 15:45 → 17:52
[08:56:59 16/12/2025] [INFO] 🎬  TAFITI NÁO LOẠN SA MẠC | 6 | 18:00 → 19:35
[08:56:59 16/12/2025] [INFO] 🎬  GANGSTER VỀ LÀNG | 6 | 09:00 → 11:00
[08:56:59 16/12/2025] [INFO] 🎬  CƯỚI VỢ CHO CHA | 6 | 11:15 → 13:22
[08:57:00 16/12/2025] [INFO] 🎬 QUÁN KỲ NAM | 6 | 15:45 → 18:15
[08:57:00 16/12/2025] [INFO] 🎬 HÁ ĐÁM - SINH NHẬT MẸ (T13) | 6 | 09:00 → 11:15
[08:57:00 16/12/2025] [INFO] 📽️ 6: 6/6 suất
[08:57:00 16/12/2025] [INFO] 🎬 🔥 CHÚ THUẬT HỒI CHIẾN: BIẾN CỐ SHIBUYA x TỬ DIỆT HỒI DU - THE MOVIE | 5 | 18:00 → 19:43
[08:57:00 16/12/2025] [INFO] 🎬 🔥 TRUY TÌM LONG DIÊN HƯƠNG | 5 | 22:30 → 00:55
[08:57:00 16/12/2025] [INFO] 🎬 HOÀNG TỬ QUỶ | 5 | 09:00 → 11:12
[08:57:00 16/12/2025] [INFO] 🎬 KỲ AN NGHỈ | 5 | 18:00 → 19:54
[08:57:01 16/12/2025] [INFO] 🎬 CƯỚI VỢ CHO CHA | 5 | 11:15 → 13:22
[08:57:01 16/12/2025] [INFO] 🎬 QUÁI THÚ VÔ HÌNH - VÙNG ĐẤT CHẾT CHÓC | 5 | 22:30 → 22:46
[08:57:01 16/12/2025] [INFO] 📽️ 5: 6/6 suất
[08:57:01 16/12/2025] [INFO] 🎬 PHÒNG TRỌ MA BẦU | 4 | 11:15 → 13:12
[08:57:01 16/12/2025] [INFO] 🎬 TRUY TÌM LONG DIÊN HƯƠNG | 4 | 15:45 → 18:10
[08:57:01 16/12/2025] [INFO] 🎬 WICKED - PHẦN 2 | 4 | 20:15 → 22:48
[08:57:01 16/12/2025] [INFO] 🎬 HOÀNG TỬ QUỶ | 4 | 18:00 → 20:12
[08:57:01 16/12/2025] [INFO] 🎬 CƯỚI VỢ CHO CHA | 4 | 22:30 → 00:37
[08:57:02 16/12/2025] [INFO] 🎬 PHI VỤ ĐỘNG TRỜI 2 (LỒNG TIẾNG) (P) | 4 | 13:30 → 15:32
[08:57:02 16/12/2025] [INFO] 📽️ 4: 6/6 suất
[08:57:02 16/12/2025] [INFO] 🎬  ĐIỆN THOẠI ĐEN 2 | 2 | 22:30 → 00:37
[08:57:02 16/12/2025] [INFO] 🎬 WICKED - PHẦN 2 | 2 | 09:00 → 11:33
[08:57:02 16/12/2025] [INFO] 🎬 CƯỚI VỢ CHO CHA | 2 | 18:00 → 20:07
[08:57:02 16/12/2025] [INFO] 🎬 TAFITI NÁO LOẠN SA MẠC | 2 | 15:45 → 17:20
[08:57:03 16/12/2025] [INFO] 🎬 HOÀNG TỬ QUỶ | 2 | 11:15 → 13:27
[08:57:03 16/12/2025] [INFO] 🎬 CƯỚI VỢ CHO CHA | 2 | 22:30 → 00:37
[08:57:03 16/12/2025] [INFO] 📽️ 2: 6/6 suất
[08:57:03 16/12/2025] [INFO] 🎬  QUÁI THÚ VÔ HÌNH - VÙNG ĐẤT CHẾT CHÓC | 1 | 11:15 → 11:31
[08:57:03 16/12/2025] [INFO] 🎬 ĐIỆN THOẠI ĐEN 2 | 1 | 09:00 → 11:07
[08:57:03 16/12/2025] [INFO] 🎬 ĐIỆN THOẠI ĐEN 2 | 1 | 22:30 → 00:37
[08:57:03 16/12/2025] [INFO] 🎬 NĂM ĐÊM KINH HOÀNG 2 | 1 | 15:45 → 17:44
[08:57:04 16/12/2025] [INFO] 🎬 ANH TRAI SAY XE | 1 | 20:15 → 22:20
[08:57:04 16/12/2025] [INFO] 🎬 ANH TRAI SAY XE | 1 | 18:00 → 20:05
[08:57:04 16/12/2025] [INFO] 📽️ 1: 6/6 suất
[08:57:04 16/12/2025] [INFO] 
📅 Ngày 16/12/2025 (T3)
[08:57:04 16/12/2025] [INFO] 🎬 🔥 CHÚ THUẬT HỒI CHIẾN: BIẾN CỐ SHIBUYA x TỬ DIỆT HỒI DU - THE MOVIE | 1 | 18:00 → 19:43
[08:57:04 16/12/2025] [INFO] 🎬 🔥 ANH TRAI SAY XE | 1 | 11:15 → 13:20
[08:57:04 16/12/2025] [INFO] 🎬  TAFITI NÁO LOẠN SA MẠC | 1 | 13:30 → 15:05
[08:57:05 16/12/2025] [INFO] 🎬  HOÀNG TỬ QUỶ | 1 | 20:15 → 22:27
[08:57:05 16/12/2025] [INFO] 🎬  CƯỚI VỢ CHO CHA | 1 | 09:00 → 11:07
[08:57:05 16/12/2025] [INFO] 🎬 HÁ ĐÁM - SINH NHẬT MẸ (T13) | 1 | 18:00 → 20:15
[08:57:05 16/12/2025] [INFO] 📽️ 1: 6/6 suất
[08:57:05 16/12/2025] [INFO] 🎬 🔥 TRUY TÌM LONG DIÊN HƯƠNG | 2 | 15:45 → 18:10
[08:57:06 16/12/2025] [INFO] 🎬 🔥 PHÒNG TRỌ MA BẦU | 2 | 13:30 → 15:27
[08:57:06 16/12/2025] [INFO] 🎬 KỲ AN NGHỈ | 2 | 09:00 → 10:54
[08:57:06 16/12/2025] [INFO] 🎬 CHÚ THUẬT HỒI CHIẾN: BIẾN CỐ SHIBUYA x TỬ DIỆT HỒI DU - THE MOVIE | 2 | 15:45 → 17:28
[08:57:06 16/12/2025] [INFO] 🎬 HÁ ĐÁM - SINH NHẬT MẸ (T13) | 2 | 22:30 → 00:45
[08:57:06 16/12/2025] [INFO] 🎬 HOÀNG TỬ QUỶ | 2 | 13:30 → 15:42
[08:57:06 16/12/2025] [INFO] 📽️ 2: 6/6 suất
[08:57:07 16/12/2025] [INFO] 🎬  NĂM ĐÊM KINH HOÀNG 2 | 3 | 09:00 → 10:59
[08:57:07 16/12/2025] [INFO] 🎬  PHI VỤ THẾ KỶ - THOẮT ẨN THOẮT HIỆN (T13) | 3 | 20:15 → 22:23
[08:57:07 16/12/2025] [INFO] 🎬  WICKED - PHẦN 2 | 3 | 11:15 → 13:48
[08:57:08 16/12/2025] [INFO] 🎬  NĂM ĐÊM KINH HOÀNG 2 | 3 | 15:45 → 17:44
[08:57:08 16/12/2025] [INFO] 🎬 PHIÊN CHỢ CỦA QUỶ | 3 | 22:30 → 00:22
[08:57:08 16/12/2025] [INFO] 🎬 CHÚ THUẬT HỒI CHIẾN: BIẾN CỐ SHIBUYA x TỬ DIỆT HỒI DU - THE MOVIE | 3 | 11:15 → 12:58
[08:57:08 16/12/2025] [INFO] 📽️ 3: 6/6 suất
[08:57:08 16/12/2025] [INFO] 🎬 🔥 TRUY TÌM LONG DIÊN HƯƠNG | 4 | 09:00 → 11:25
[08:57:09 16/12/2025] [INFO] 🎬  PHI VỤ ĐỘNG TRỜI 2 (LỒNG TIẾNG) (P) | 4 | 18:00 → 20:02
[08:57:09 16/12/2025] [INFO] 🎬 NĂM ĐÊM KINH HOÀNG 2 | 4 | 09:00 → 10:59
[08:57:09 16/12/2025] [INFO] 🎬 WICKED - PHẦN 2 | 4 | 20:15 → 22:48
[08:57:09 16/12/2025] [INFO] 🎬 KỲ AN NGHỈ | 4 | 13:30 → 15:24
[08:57:09 16/12/2025] [INFO] 🎬 ĐIỆN THOẠI ĐEN 2 | 4 | 15:45 → 17:52
[08:57:09 16/12/2025] [INFO] 📽️ 4: 6/6 suất
[08:57:09 16/12/2025] [INFO] 🎬 🔥 TRUY TÌM LONG DIÊN HƯƠNG | 7 | 22:30 → 00:55
[08:57:10 16/12/2025] [INFO] 🎬  ĐIỆN THOẠI ĐEN 2 | 7 | 09:00 → 11:07
[08:57:10 16/12/2025] [INFO] 🎬 PHI VỤ ĐỘNG TRỜI 2 (LỒNG TIẾNG) (P) | 7 | 11:15 → 13:17
[08:57:10 16/12/2025] [INFO] 🎬 WICKED - PHẦN 2 | 7 | 09:00 → 11:33
[08:57:10 16/12/2025] [INFO] 🎬 CHÚ THUẬT HỒI CHIẾN: BIẾN CỐ SHIBUYA x TỬ DIỆT HỒI DU - THE MOVIE | 7 | 15:45 → 17:28
[08:57:10 16/12/2025] [INFO] 🎬 PHÒNG TRỌ MA BẦU | 7 | 18:00 → 19:57
[08:57:10 16/12/2025] [INFO] 📽️ 7: 6/6 suất
[08:57:10 16/12/2025] [INFO] 🎬  GANGSTER VỀ LÀNG | 5 | 20:15 → 22:15
[08:57:11 16/12/2025] [INFO] 🎬  PHI VỤ THẾ KỶ - THOẮT ẨN THOẮT HIỆN (T13) | 5 | 11:15 → 13:23
[08:57:11 16/12/2025] [INFO] 🎬 🔥 PHÒNG TRỌ MA BẦU | 5 | 22:30 → 00:27
[08:57:11 16/12/2025] [INFO] 🎬 HÁ ĐÁM - SINH NHẬT MẸ (T13) | 5 | 20:15 → 22:30
[08:57:11 16/12/2025] [INFO] 🎬 HOÀNG TỬ QUỶ | 5 | 22:30 → 00:42
[08:57:11 16/12/2025] [INFO] 🎬 NĂM ĐÊM KINH HOÀNG 2 | 5 | 11:15 → 13:14
[08:57:11 16/12/2025] [INFO] 📽️ 5: 6/6 suất
[08:57:12 16/12/2025] [INFO] 🎬 🔥 TỔ QUỐC TRONG TIM - THE CONCERT FILM (P) | 6 | 09:00 → 11:15
[08:57:12 16/12/2025] [INFO] 🎬 GANGSTER VỀ LÀNG | 6 | 18:00 → 20:00
[08:57:12 16/12/2025] [INFO] 🎬 PHI VỤ THẾ KỶ - THOẮT ẨN THOẮT HIỆN (T13) | 6 | 11:15 → 13:23
[08:57:12 16/12/2025] [INFO] 🎬 TỔ QUỐC TRONG TIM - THE CONCERT FILM (P) | 6 | 20:15 → 22:30
[08:57:12 16/12/2025] [INFO] 🎬 CƯỚI VỢ CHO CHA | 6 | 09:00 → 11:07
[08:57:12 16/12/2025] [INFO] 🎬 HÁ ĐÁM - SINH NHẬT MẸ (T13) | 6 | 22:30 → 00:45
[08:57:12 16/12/2025] [INFO] 📽️ 6: 6/6 suất
[08:57:12 16/12/2025] [INFO] 
📅 Ngày 17/12/2025 (T4)
[08:57:12 16/12/2025] [INFO] 🎬  WICKED - PHẦN 2 | 2 | 18:00 → 20:33
[08:57:12 16/12/2025] [INFO] 🎬 🔥 TỔ QUỐC TRONG TIM - THE CONCERT FILM (P) | 2 | 09:00 → 11:15
[08:57:13 16/12/2025] [INFO] 🎬  5 CENTIMET TRÊN GIÂY | 2 | 15:45 → 17:16
[08:57:13 16/12/2025] [INFO] 🎬  NĂM ĐÊM KINH HOÀNG 2 | 2 | 22:30 → 00:29
[08:57:13 16/12/2025] [INFO] 🎬 🔥 CHÚ THUẬT HỒI CHIẾN: BIẾN CỐ SHIBUYA x TỬ DIỆT HỒI DU - THE MOVIE | 2 | 13:30 → 15:13
[08:57:13 16/12/2025] [INFO] 🎬 ĐIỆN THOẠI ĐEN 2 | 2 | 20:15 → 22:22
[08:57:13 16/12/2025] [INFO] 📽️ 2: 6/6 suất
[08:57:13 16/12/2025] [INFO] 🎬  WICKED - PHẦN 2 | 6 | 09:00 → 11:33
[08:57:14 16/12/2025] [INFO] 🎬 🔥 HÁ ĐÁM - SINH NHẬT MẸ (T13) | 6 | 13:30 → 15:45
[08:57:14 16/12/2025] [INFO] 🎬  HOÀNG TỬ QUỶ | 6 | 20:15 → 22:27
[08:57:14 16/12/2025] [INFO] 🎬 PHÒNG TRỌ MA BẦU | 6 | 22:30 → 00:27
[08:57:14 16/12/2025] [INFO] 🎬 PHÒNG TRỌ MA BẦU | 6 | 13:30 → 15:27
[08:57:14 16/12/2025] [INFO] 🎬 ĐIỆN THOẠI ĐEN 2 | 6 | 20:15 → 22:22
[08:57:14 16/12/2025] [INFO] 📽️ 6: 6/6 suất
[08:57:14 16/12/2025] [INFO] 🎬 🔥 PHIÊN CHỢ CỦA QUỶ | 7 | 22:30 → 00:22
[08:57:15 16/12/2025] [INFO] 🎬  PHI VỤ ĐỘNG TRỜI 2 (LỒNG TIẾNG) (P) | 7 | 13:30 → 15:32
[08:57:15 16/12/2025] [INFO] 🎬 🔥 PHIÊN CHỢ CỦA QUỶ | 7 | 09:00 → 10:52
[08:57:15 16/12/2025] [INFO] 🎬 PHIÊN CHỢ CỦA QUỶ | 7 | 18:00 → 19:52
[08:57:15 16/12/2025] [INFO] 🎬 QUÁN KỲ NAM | 7 | 11:15 → 13:45
[08:57:15 16/12/2025] [INFO] 🎬 HOÀNG TỬ QUỶ | 7 | 22:30 → 00:42
[08:57:15 16/12/2025] [INFO] 📽️ 7: 6/6 suất
[08:57:15 16/12/2025] [INFO] 🎬  PHI VỤ THẾ KỶ - THOẮT ẨN THOẮT HIỆN (T13) | 1 | 15:45 → 17:53
[08:57:16 16/12/2025] [INFO] 🎬  QUÁN KỲ NAM | 1 | 18:00 → 20:30
[08:57:16 16/12/2025] [INFO] 🎬  ĐIỆN THOẠI ĐEN 2 | 1 | 13:30 → 15:37
[08:57:16 16/12/2025] [INFO] 🎬 PHÒNG TRỌ MA BẦU | 1 | 09:00 → 10:57
[08:57:16 16/12/2025] [INFO] 🎬 QUÁI THÚ VÔ HÌNH - VÙNG ĐẤT CHẾT CHÓC | 1 | 18:00 → 18:16
[08:57:16 16/12/2025] [INFO] 🎬 TAFITI NÁO LOẠN SA MẠC | 1 | 22:30 → 00:05
[08:57:16 16/12/2025] [INFO] 📽️ 1: 6/6 suất
[08:57:16 16/12/2025] [INFO] 🎬  CƯỚI VỢ CHO CHA | 5 | 15:45 → 17:52
[08:57:16 16/12/2025] [INFO] 🎬  CƯỚI VỢ CHO CHA | 5 | 13:30 → 15:37
[08:57:17 16/12/2025] [INFO] 🎬 🔥 ANH TRAI SAY XE | 5 | 20:15 → 22:20
[08:57:17 16/12/2025] [INFO] 🎬 QUÁI THÚ VÔ HÌNH - VÙNG ĐẤT CHẾT CHÓC | 5 | 18:00 → 18:16
[08:57:17 16/12/2025] [INFO] 🎬 CƯỚI VỢ CHO CHA | 5 | 09:00 → 11:07
[08:57:17 16/12/2025] [INFO] 🎬 PHÒNG TRỌ MA BẦU | 5 | 11:15 → 13:12
[08:57:17 16/12/2025] [INFO] 📽️ 5: 6/6 suất
[08:57:17 16/12/2025] [INFO] 🎬  QUÁN KỲ NAM | 3 | 22:30 → 01:00
[08:57:18 16/12/2025] [INFO] 🎬  NĂM ĐÊM KINH HOÀNG 2 | 3 | 11:15 → 13:14
[08:57:18 16/12/2025] [INFO] 🎬 🔥 TỔ QUỐC TRONG TIM - THE CONCERT FILM (P) | 3 | 18:00 → 20:15
[08:57:18 16/12/2025] [INFO] 🎬 TỔ QUỐC TRONG TIM - THE CONCERT FILM (P) | 3 | 11:15 → 13:30
[08:57:18 16/12/2025] [INFO] 🎬 5 CENTIMET TRÊN GIÂY | 3 | 18:00 → 19:31
[08:57:18 16/12/2025] [INFO] 🎬 KỲ AN NGHỈ | 3 | 22:30 → 00:24
[08:57:18 16/12/2025] [INFO] 📽️ 3: 6/6 suất
[08:57:18 16/12/2025] [INFO] 🎬  GANGSTER VỀ LÀNG | 4 | 22:30 → 00:30
[08:57:19 16/12/2025] [INFO] 🎬 5 CENTIMET TRÊN GIÂY | 4 | 15:45 → 17:16
[08:57:19 16/12/2025] [INFO] 🎬 TAFITI NÁO LOẠN SA MẠC | 4 | 22:30 → 00:05
[08:57:19 16/12/2025] [INFO] 🎬 TRUY TÌM LONG DIÊN HƯƠNG | 4 | 18:00 → 20:25
[08:57:19 16/12/2025] [INFO] 🎬 PHI VỤ ĐỘNG TRỜI 2 (LỒNG TIẾNG) (P) | 4 | 09:00 → 11:02
[08:57:19 16/12/2025] [INFO] 🎬 QUÁI THÚ VÔ HÌNH - VÙNG ĐẤT CHẾT CHÓC | 4 | 20:15 → 20:31
[08:57:19 16/12/2025] [INFO] 📽️ 4: 6/6 suất
[08:57:19 16/12/2025] [INFO] 
📅 Ngày 18/12/2025 (T5)
[08:57:19 16/12/2025] [INFO] 🎬 🔥 PHÒNG TRỌ MA BẦU | 6 | 09:00 → 10:57
[08:57:19 16/12/2025] [INFO] 🎬  HOÀNG TỬ QUỶ | 6 | 22:30 → 00:42
[08:57:19 16/12/2025] [INFO] 🎬  QUÁN KỲ NAM | 6 | 11:15 → 13:45
[08:57:19 16/12/2025] [INFO] 🎬 🔥 CHÚ THUẬT HỒI CHIẾN: BIẾN CỐ SHIBUYA x TỬ DIỆT HỒI DU - THE MOVIE | 6 | 15:45 → 17:28
[08:57:20 16/12/2025] [INFO] 🎬 NĂM ĐÊM KINH HOÀNG 2 | 6 | 15:45 → 17:44
[08:57:20 16/12/2025] [INFO] 🎬 5 CENTIMET TRÊN GIÂY | 6 | 13:30 → 15:01
[08:57:20 16/12/2025] [INFO] 📽️ 6: 6/6 suất
[08:57:20 16/12/2025] [INFO] 🎬 🔥 TỔ QUỐC TRONG TIM - THE CONCERT FILM (P) | 2 | 22:30 → 00:45
[08:57:20 16/12/2025] [INFO] 🎬  KỲ AN NGHỈ | 2 | 09:00 → 10:54
[08:57:20 16/12/2025] [INFO] 🎬  KỲ AN NGHỈ | 2 | 13:30 → 15:24
[08:57:20 16/12/2025] [INFO] 🎬 🔥 ANH TRAI SAY XE | 2 | 15:45 → 17:50
[08:57:20 16/12/2025] [INFO] 🎬 WICKED - PHẦN 2 | 2 | 18:00 → 20:33
[08:57:20 16/12/2025] [INFO] 🎬 QUÁN KỲ NAM | 2 | 20:15 → 22:45
[08:57:20 16/12/2025] [INFO] 📽️ 2: 6/6 suất
[08:57:21 16/12/2025] [INFO] 🎬  ĐIỆN THOẠI ĐEN 2 | 4 | 09:00 → 11:07
[08:57:21 16/12/2025] [INFO] 🎬 🔥 HÁ ĐÁM - SINH NHẬT MẸ (T13) | 4 | 22:30 → 00:45
[08:57:21 16/12/2025] [INFO] 🎬 5 CENTIMET TRÊN GIÂY | 4 | 15:45 → 17:16
[08:57:21 16/12/2025] [INFO] 🎬 CƯỚI VỢ CHO CHA | 4 | 18:00 → 20:07
[08:57:21 16/12/2025] [INFO] 🎬 WICKED - PHẦN 2 | 4 | 09:00 → 11:33
[08:57:22 16/12/2025] [INFO] 🎬 TRUY TÌM LONG DIÊN HƯƠNG | 4 | 13:30 → 15:55
[08:57:22 16/12/2025] [INFO] 📽️ 4: 6/6 suất
[08:57:22 16/12/2025] [INFO] 🎬 🔥 PHÒNG TRỌ MA BẦU | 7 | 13:30 → 15:27
[08:57:22 16/12/2025] [INFO] 🎬  PHI VỤ ĐỘNG TRỜI 2 (LỒNG TIẾNG) (P) | 7 | 20:15 → 22:17
[08:57:22 16/12/2025] [INFO] 🎬 🔥 CHÚ THUẬT HỒI CHIẾN: BIẾN CỐ SHIBUYA x TỬ DIỆT HỒI DU - THE MOVIE | 7 | 09:00 → 10:43
[08:57:23 16/12/2025] [INFO] 🎬 PHÒNG TRỌ MA BẦU | 7 | 20:15 → 22:12
[08:57:23 16/12/2025] [INFO] 🎬 GANGSTER VỀ LÀNG | 7 | 09:00 → 11:00
[08:57:23 16/12/2025] [INFO] 🎬 GANGSTER VỀ LÀNG | 7 | 13:30 → 15:30
[08:57:23 16/12/2025] [INFO] 📽️ 7: 6/6 suất
[08:57:23 16/12/2025] [INFO] 🎬 🔥 PHIÊN CHỢ CỦA QUỶ | 5 | 11:15 → 13:07
[08:57:23 16/12/2025] [INFO] 🎬 🔥 TRUY TÌM LONG DIÊN HƯƠNG | 5 | 20:15 → 22:40
[08:57:23 16/12/2025] [INFO] 🎬 🔥 PHIÊN CHỢ CỦA QUỶ | 5 | 18:00 → 19:52
[08:57:23 16/12/2025] [INFO] 🎬 KỲ AN NGHỈ | 5 | 13:30 → 15:24
[08:57:23 16/12/2025] [INFO] 🎬 CƯỚI VỢ CHO CHA | 5 | 09:00 → 11:07
[08:57:24 16/12/2025] [INFO] 🎬 5 CENTIMET TRÊN GIÂY | 5 | 20:15 → 21:46
[08:57:24 16/12/2025] [INFO] 📽️ 5: 6/6 suất
[08:57:24 16/12/2025] [INFO] 🎬 🔥 ANH TRAI SAY XE | 1 | 09:00 → 11:05
[08:57:24 16/12/2025] [INFO] 🎬 QUÁI THÚ VÔ HÌNH - VÙNG ĐẤT CHẾT CHÓC | 1 | 18:00 → 18:16
[08:57:24 16/12/2025] [INFO] 🎬 PHI VỤ ĐỘNG TRỜI 2 (LỒNG TIẾNG) (P) | 1 | 11:15 → 13:17
[08:57:24 16/12/2025] [INFO] 🎬 QUÁI THÚ VÔ HÌNH - VÙNG ĐẤT CHẾT CHÓC | 1 | 09:00 → 09:16
[08:57:24 16/12/2025] [INFO] 🎬 HOÀNG TỬ QUỶ | 1 | 20:15 → 22:27
[08:57:24 16/12/2025] [INFO] 🎬 QUÁI THÚ VÔ HÌNH - VÙNG ĐẤT CHẾT CHÓC | 1 | 13:30 → 13:46
[08:57:24 16/12/2025] [INFO] 📽️ 1: 6/6 suất
[08:57:25 16/12/2025] [INFO] 🎬  KỲ AN NGHỈ | 3 | 20:15 → 22:09
[08:57:25 16/12/2025] [INFO] 🎬 PHIÊN CHỢ CỦA QUỶ | 3 | 20:15 → 22:07
[08:57:25 16/12/2025] [INFO] 🎬 HÁ ĐÁM - SINH NHẬT MẸ (T13) | 3 | 22:30 → 00:45
[08:57:25 16/12/2025] [INFO] 🎬 TRUY TÌM LONG DIÊN HƯƠNG | 3 | 09:00 → 11:25
[08:57:25 16/12/2025] [INFO] 🎬 TAFITI NÁO LOẠN SA MẠC | 3 | 11:15 → 12:50
[08:57:25 16/12/2025] [INFO] 🎬 NĂM ĐÊM KINH HOÀNG 2 | 3 | 15:45 → 17:44
[08:57:25 16/12/2025] [INFO] 📽️ 3: 6/6 suất
[08:57:25 16/12/2025] [INFO] 
📅 Ngày 19/12/2025 (T6)
[08:57:26 16/12/2025] [INFO] 🎬 🔥 PHIÊN CHỢ CỦA QUỶ | 1 | 11:15 → 13:07
[08:57:26 16/12/2025] [INFO] 🎬 🔥 PHIÊN CHỢ CỦA QUỶ | 1 | 18:00 → 19:52
[08:57:26 16/12/2025] [INFO] 🎬  HOÀNG TỬ QUỶ | 1 | 00:00 → 02:12
[08:57:26 16/12/2025] [INFO] 🎬 🔥 PHIÊN CHỢ CỦA QUỶ | 1 | 09:00 → 10:52
[08:57:27 16/12/2025] [INFO] 🎬 🔥 PHIÊN CHỢ CỦA QUỶ | 1 | 20:15 → 22:07
[08:57:27 16/12/2025] [INFO] 🎬 🔥 ANH TRAI SAY XE | 1 | 22:30 → 00:35
[08:57:27 16/12/2025] [INFO] 📽️ 1: 6/6 suất
[08:57:27 16/12/2025] [INFO] 🎬 🔥 PHÒNG TRỌ MA BẦU | 7 | 09:00 → 10:57
[08:57:27 16/12/2025] [INFO] 🎬  ĐIỆN THOẠI ĐEN 2 | 7 | 15:45 → 17:52
[08:57:27 16/12/2025] [INFO] 🎬  NĂM ĐÊM KINH HOÀNG 2 | 7 | 22:30 → 00:29
[08:57:27 16/12/2025] [INFO] 🎬  5 CENTIMET TRÊN GIÂY | 7 | 13:30 → 15:01
[08:57:28 16/12/2025] [INFO] 🎬  PHI VỤ THẾ KỶ - THOẮT ẨN THOẮT HIỆN (T13) | 7 | 18:00 → 20:08
[08:57:28 16/12/2025] [INFO] 🎬 🔥 CHÚ THUẬT HỒI CHIẾN: BIẾN CỐ SHIBUYA x TỬ DIỆT HỒI DU - THE MOVIE | 7 | 20:15 → 21:58
[08:57:28 16/12/2025] [INFO] 📽️ 7: 6/6 suất
[08:57:28 16/12/2025] [INFO] 🎬  TAFITI NÁO LOẠN SA MẠC | 5 | 00:00 → 01:35
[08:57:28 16/12/2025] [INFO] 🎬  QUÁI THÚ VÔ HÌNH - VÙNG ĐẤT CHẾT CHÓC | 5 | 18:00 → 18:16
[08:57:29 16/12/2025] [INFO] 🎬 🔥 CHÚ THUẬT HỒI CHIẾN: BIẾN CỐ SHIBUYA x TỬ DIỆT HỒI DU - THE MOVIE | 5 | 09:00 → 10:43
[08:57:29 16/12/2025] [INFO] 🎬  GANGSTER VỀ LÀNG | 5 | 15:45 → 17:45
[08:57:29 16/12/2025] [INFO] 🎬 CHÚ THUẬT HỒI CHIẾN: BIẾN CỐ SHIBUYA x TỬ DIỆT HỒI DU - THE MOVIE | 5 | 22:30 → 00:13
[08:57:29 16/12/2025] [INFO] 🎬 QUÁN KỲ NAM | 5 | 13:30 → 16:00
[08:57:29 16/12/2025] [INFO] 📽️ 5: 6/6 suất
[08:57:30 16/12/2025] [INFO] 🎬  CƯỚI VỢ CHO CHA | 4 | 20:15 → 22:22
[08:57:30 16/12/2025] [INFO] 🎬 CHÚ THUẬT HỒI CHIẾN: BIẾN CỐ SHIBUYA x TỬ DIỆT HỒI DU - THE MOVIE | 4 | 20:15 → 21:58
[08:57:30 16/12/2025] [INFO] 🎬 PHI VỤ ĐỘNG TRỜI 2 (LỒNG TIẾNG) (P) | 4 | 11:15 → 13:17
[08:57:31 16/12/2025] [INFO] 🎬 QUÁN KỲ NAM | 4 | 00:00 → 02:30
[08:57:31 16/12/2025] [INFO] 🎬 NĂM ĐÊM KINH HOÀNG 2 | 4 | 18:00 → 19:59
[08:57:31 16/12/2025] [INFO] 🎬 TRUY TÌM LONG DIÊN HƯƠNG | 4 | 13:30 → 15:55
[08:57:31 16/12/2025] [INFO] 📽️ 4: 6/6 suất
[08:57:31 16/12/2025] [INFO] 🎬 🔥 TỔ QUỐC TRONG TIM - THE CONCERT FILM (P) | 6 | 00:00 → 02:15
[08:57:32 16/12/2025] [INFO] 🎬 ANH TRAI SAY XE | 6 | 20:15 → 22:20
[08:57:32 16/12/2025] [INFO] 🎬 QUÁI THÚ VÔ HÌNH - VÙNG ĐẤT CHẾT CHÓC | 6 | 00:00 → 00:16
[08:57:32 16/12/2025] [INFO] 🎬 NĂM ĐÊM KINH HOÀNG 2 | 6 | 22:30 → 00:29
[08:57:32 16/12/2025] [INFO] 🎬 HOÀNG TỬ QUỶ | 6 | 18:00 → 20:12
[08:57:32 16/12/2025] [INFO] 🎬 ANH TRAI SAY XE | 6 | 11:15 → 13:20
[08:57:32 16/12/2025] [INFO] 📽️ 6: 6/6 suất
[08:57:32 16/12/2025] [INFO] 🎬 🔥 PHÒNG TRỌ MA BẦU | 2 | 15:45 → 17:42
[08:57:32 16/12/2025] [INFO] 🎬  ĐIỆN THOẠI ĐEN 2 | 2 | 00:00 → 02:07
[08:57:33 16/12/2025] [INFO] 🎬 🔥 PHÒNG TRỌ MA BẦU | 2 | 20:15 → 22:12
[08:57:33 16/12/2025] [INFO] 🎬 🔥 PHÒNG TRỌ MA BẦU | 2 | 13:30 → 15:27
[08:57:33 16/12/2025] [INFO] 🎬 PHI VỤ ĐỘNG TRỜI 2 (LỒNG TIẾNG) (P) | 2 | 13:30 → 15:32
[08:57:33 16/12/2025] [INFO] 🎬 PHI VỤ THẾ KỶ - THOẮT ẨN THOẮT HIỆN (T13) | 2 | 00:00 → 02:08
[08:57:33 16/12/2025] [INFO] 📽️ 2: 6/6 suất
[08:57:33 16/12/2025] [INFO] 🎬 🔥 TRUY TÌM LONG DIÊN HƯƠNG | 3 | 22:30 → 00:55
[08:57:33 16/12/2025] [INFO] 🎬 🔥 TRUY TÌM LONG DIÊN HƯƠNG | 3 | 00:00 → 02:25
[08:57:34 16/12/2025] [INFO] 🎬  QUÁI THÚ VÔ HÌNH - VÙNG ĐẤT CHẾT CHÓC | 3 | 09:00 → 09:16
[08:57:34 16/12/2025] [INFO] 🎬 5 CENTIMET TRÊN GIÂY | 3 | 20:15 → 21:46
[08:57:34 16/12/2025] [INFO] 🎬 HOÀNG TỬ QUỶ | 3 | 13:30 → 15:42
[08:57:34 16/12/2025] [INFO] 🎬 TAFITI NÁO LOẠN SA MẠC | 3 | 09:00 → 10:35
[08:57:34 16/12/2025] [INFO] 📽️ 3: 6/6 suất
[08:57:34 16/12/2025] [INFO] 
📅 Ngày 20/12/2025 (T7)
[08:57:34 16/12/2025] [INFO] 🎬 🔥 PHIÊN CHỢ CỦA QUỶ | 6 | 22:00 → 23:52
[08:57:34 16/12/2025] [INFO] 🎬 🔥 TỔ QUỐC TRONG TIM - THE CONCERT FILM (P) | 6 | 10:45 → 13:00
[08:57:35 16/12/2025] [INFO] 🎬  PHI VỤ ĐỘNG TRỜI 2 (LỒNG TIẾNG) (P) | 6 | 08:30 → 10:32
[08:57:35 16/12/2025] [INFO] 🎬  CƯỚI VỢ CHO CHA | 6 | 19:45 → 21:52
[08:57:35 16/12/2025] [INFO] 🎬 🔥 PHÒNG TRỌ MA BẦU | 6 | 00:10 → 02:07
[08:57:35 16/12/2025] [INFO] 🎬  CƯỚI VỢ CHO CHA | 6 | 17:30 → 19:37
[08:57:35 16/12/2025] [INFO] 🎬  ĐIỆN THOẠI ĐEN 2 | 6 | 15:15 → 17:22
[08:57:35 16/12/2025] [INFO] 📽️ 6: 7/7 suất
[08:57:36 16/12/2025] [INFO] 🎬  QUÁN KỲ NAM | 3 | 19:45 → 22:15
[08:57:36 16/12/2025] [INFO] 🎬  QUÁN KỲ NAM | 3 | 10:45 → 13:15
[08:57:36 16/12/2025] [INFO] 🎬 🔥 PHIÊN CHỢ CỦA QUỶ | 3 | 08:30 → 10:22
[08:57:36 16/12/2025] [INFO] 🎬 🔥 TỔ QUỐC TRONG TIM - THE CONCERT FILM (P) | 3 | 15:15 → 17:30
[08:57:36 16/12/2025] [INFO] 🎬 QUÁI THÚ VÔ HÌNH - VÙNG ĐẤT CHẾT CHÓC | 3 | 00:10 → 00:26
[08:57:36 16/12/2025] [INFO] 🎬 GANGSTER VỀ LÀNG | 3 | 15:15 → 17:15
[08:57:36 16/12/2025] [INFO] 🎬 ANH TRAI SAY XE | 3 | 19:45 → 21:50
[08:57:36 16/12/2025] [INFO] 📽️ 3: 7/7 suất
[08:57:37 16/12/2025] [INFO] 🎬 🔥 CHÚ THUẬT HỒI CHIẾN: BIẾN CỐ SHIBUYA x TỬ DIỆT HỒI DU - THE MOVIE | 7 | 00:10 → 01:53
[08:57:37 16/12/2025] [INFO] 🎬 🔥 CHÚ THUẬT HỒI CHIẾN: BIẾN CỐ SHIBUYA x TỬ DIỆT HỒI DU - THE MOVIE | 7 | 08:30 → 10:13
[08:57:37 16/12/2025] [INFO] 🎬 🔥 CHÚ THUẬT HỒI CHIẾN: BIẾN CỐ SHIBUYA x TỬ DIỆT HỒI DU - THE MOVIE | 7 | 22:00 → 23:43
[08:57:37 16/12/2025] [INFO] 🎬  CƯỚI VỢ CHO CHA | 7 | 10:45 → 12:52
[08:57:37 16/12/2025] [INFO] 🎬 GANGSTER VỀ LÀNG | 7 | 13:00 → 15:00
[08:57:37 16/12/2025] [INFO] 🎬 KỲ AN NGHỈ | 7 | 17:30 → 19:24
[08:57:37 16/12/2025] [INFO] 🎬 QUÁI THÚ VÔ HÌNH - VÙNG ĐẤT CHẾT CHÓC | 7 | 00:10 → 00:26
[08:57:37 16/12/2025] [INFO] 📽️ 7: 7/7 suất
[08:57:38 16/12/2025] [INFO] 🎬 🔥 TRUY TÌM LONG DIÊN HƯƠNG | 2 | 00:10 → 02:35
[08:57:38 16/12/2025] [INFO] 🎬  ĐIỆN THOẠI ĐEN 2 | 2 | 22:00 → 00:07
[08:57:38 16/12/2025] [INFO] 🎬 🔥 CHÚ THUẬT HỒI CHIẾN: BIẾN CỐ SHIBUYA x TỬ DIỆT HỒI DU - THE MOVIE | 2 | 13:00 → 14:43
[08:57:38 16/12/2025] [INFO] 🎬 🔥 PHÒNG TRỌ MA BẦU | 2 | 10:45 → 12:42
[08:57:38 16/12/2025] [INFO] 🎬 CƯỚI VỢ CHO CHA | 2 | 00:10 → 02:17
[08:57:38 16/12/2025] [INFO] 🎬 QUÁI THÚ VÔ HÌNH - VÙNG ĐẤT CHẾT CHÓC | 2 | 15:15 → 15:31
[08:57:38 16/12/2025] [INFO] 🎬 TỔ QUỐC TRONG TIM - THE CONCERT FILM (P) | 2 | 17:30 → 19:45
[08:57:38 16/12/2025] [INFO] 📽️ 2: 7/7 suất
[08:57:39 16/12/2025] [INFO] 🎬  ĐIỆN THOẠI ĐEN 2 | 1 | 00:10 → 02:17
[08:57:39 16/12/2025] [INFO] 🎬 🔥 TRUY TÌM LONG DIÊN HƯƠNG | 1 | 17:30 → 19:55
[08:57:39 16/12/2025] [INFO] 🎬 CƯỚI VỢ CHO CHA | 1 | 17:30 → 19:37
[08:57:39 16/12/2025] [INFO] 🎬 CHÚ THUẬT HỒI CHIẾN: BIẾN CỐ SHIBUYA x TỬ DIỆT HỒI DU - THE MOVIE | 1 | 08:30 → 10:13
[08:57:39 16/12/2025] [INFO] 🎬 PHI VỤ THẾ KỶ - THOẮT ẨN THOẮT HIỆN (T13) | 1 | 10:45 → 12:53
[08:57:40 16/12/2025] [INFO] 🎬 HÁ ĐÁM - SINH NHẬT MẸ (T13) | 1 | 15:15 → 17:30
[08:57:40 16/12/2025] [INFO] 🎬 CHÚ THUẬT HỒI CHIẾN: BIẾN CỐ SHIBUYA x TỬ DIỆT HỒI DU - THE MOVIE | 1 | 19:45 → 21:28
[08:57:40 16/12/2025] [INFO] 📽️ 1: 7/7 suất
[08:57:40 16/12/2025] [INFO] 🎬 🔥 TRUY TÌM LONG DIÊN HƯƠNG | 4 | 10:45 → 13:10
[08:57:40 16/12/2025] [INFO] 🎬 CƯỚI VỢ CHO CHA | 4 | 08:30 → 10:37
[08:57:40 16/12/2025] [INFO] 🎬 PHÒNG TRỌ MA BẦU | 4 | 22:00 → 23:57
[08:57:40 16/12/2025] [INFO] 🎬 PHI VỤ ĐỘNG TRỜI 2 (LỒNG TIẾNG) (P) | 4 | 13:00 → 15:02
[08:57:40 16/12/2025] [INFO] 🎬 QUÁI THÚ VÔ HÌNH - VÙNG ĐẤT CHẾT CHÓC | 4 | 00:10 → 00:26
[08:57:40 16/12/2025] [INFO] 🎬 CHÚ THUẬT HỒI CHIẾN: BIẾN CỐ SHIBUYA x TỬ DIỆT HỒI DU - THE MOVIE | 4 | 17:30 → 19:13
[08:57:40 16/12/2025] [INFO] 🎬 5 CENTIMET TRÊN GIÂY | 4 | 15:15 → 16:46
[08:57:40 16/12/2025] [INFO] 📽️ 4: 7/7 suất
[08:57:41 16/12/2025] [INFO] 🎬  HOÀNG TỬ QUỶ | 5 | 08:30 → 10:42
[08:57:41 16/12/2025] [INFO] 🎬 🔥 ANH TRAI SAY XE | 5 | 00:10 → 02:15
[08:57:41 16/12/2025] [INFO] 🎬  HOÀNG TỬ QUỶ | 5 | 13:00 → 15:12
[08:57:41 16/12/2025] [INFO] 🎬 QUÁI THÚ VÔ HÌNH - VÙNG ĐẤT CHẾT CHÓC | 5 | 10:45 → 11:01
[08:57:41 16/12/2025] [INFO] 🎬 ĐIỆN THOẠI ĐEN 2 | 5 | 00:10 → 02:17
[08:57:41 16/12/2025] [INFO] 🎬 CHÚ THUẬT HỒI CHIẾN: BIẾN CỐ SHIBUYA x TỬ DIỆT HỒI DU - THE MOVIE | 5 | 13:00 → 14:43
[08:57:42 16/12/2025] [INFO] 🎬 GANGSTER VỀ LÀNG | 5 | 17:30 → 19:30
[08:57:42 16/12/2025] [INFO] 📽️ 5: 7/7 suất
[08:57:42 16/12/2025] [INFO] 
📅 Ngày 21/12/2025 (CN)
[08:57:42 16/12/2025] [INFO] 🎬 🔥 TỔ QUỐC TRONG TIM - THE CONCERT FILM (P) | 2 | 13:15 → 15:30
[08:57:42 16/12/2025] [INFO] 🎬 🔥 PHÒNG TRỌ MA BẦU | 2 | 00:15 → 02:12
[08:57:42 16/12/2025] [INFO] 🎬 🔥 PHÒNG TRỌ MA BẦU | 2 | 17:45 → 19:42
[08:57:42 16/12/2025] [INFO] 🎬  ĐIỆN THOẠI ĐEN 2 | 2 | 20:00 → 22:07
[08:57:42 16/12/2025] [INFO] 🎬  5 CENTIMET TRÊN GIÂY | 2 | 11:00 → 12:31
[08:57:42 16/12/2025] [INFO] 🎬 WICKED - PHẦN 2 | 2 | 20:00 → 22:33
[08:57:43 16/12/2025] [INFO] 🎬 KỲ AN NGHỈ | 2 | 17:45 → 19:39
[08:57:43 16/12/2025] [INFO] 📽️ 2: 7/7 suất
[08:57:43 16/12/2025] [INFO] 🎬 🔥 CHÚ THUẬT HỒI CHIẾN: BIẾN CỐ SHIBUYA x TỬ DIỆT HỒI DU - THE MOVIE | 4 | 08:45 → 10:28
[08:57:43 16/12/2025] [INFO] 🎬 🔥 HÁ ĐÁM - SINH NHẬT MẸ (T13) | 4 | 15:30 → 17:45
[08:57:43 16/12/2025] [INFO] 🎬 TRUY TÌM LONG DIÊN HƯƠNG | 4 | 13:15 → 15:40
[08:57:43 16/12/2025] [INFO] 🎬 KỲ AN NGHỈ | 4 | 17:45 → 19:39
[08:57:43 16/12/2025] [INFO] 🎬 NĂM ĐÊM KINH HOÀNG 2 | 4 | 20:00 → 21:59
[08:57:43 16/12/2025] [INFO] 🎬 GANGSTER VỀ LÀNG | 4 | 11:00 → 13:00
[08:57:43 16/12/2025] [INFO] 🎬 HOÀNG TỬ QUỶ | 4 | 15:30 → 17:42
[08:57:43 16/12/2025] [INFO] 📽️ 4: 7/7 suất
[08:57:44 16/12/2025] [INFO] 🎬 🔥 TRUY TÌM LONG DIÊN HƯƠNG | 1 | 22:15 → 00:40
[08:57:44 16/12/2025] [INFO] 🎬  PHI VỤ THẾ KỶ - THOẮT ẨN THOẮT HIỆN (T13) | 1 | 11:00 → 13:08
[08:57:44 16/12/2025] [INFO] 🎬  QUÁN KỲ NAM | 1 | 13:15 → 15:45
[08:57:44 16/12/2025] [INFO] 🎬 ĐIỆN THOẠI ĐEN 2 | 1 | 00:15 → 02:22
[08:57:44 16/12/2025] [INFO] 🎬 QUÁI THÚ VÔ HÌNH - VÙNG ĐẤT CHẾT CHÓC | 1 | 20:00 → 20:16
[08:57:44 16/12/2025] [INFO] 🎬 5 CENTIMET TRÊN GIÂY | 1 | 17:45 → 19:16
[08:57:44 16/12/2025] [INFO] 🎬 PHI VỤ THẾ KỶ - THOẮT ẨN THOẮT HIỆN (T13) | 1 | 11:00 → 13:08
[08:57:44 16/12/2025] [INFO] 📽️ 1: 7/7 suất
[08:57:44 16/12/2025] [INFO] 🎬  PHI VỤ THẾ KỶ - THOẮT ẨN THOẮT HIỆN (T13) | 5 | 22:15 → 00:23
[08:57:45 16/12/2025] [INFO] 🎬  HOÀNG TỬ QUỶ | 5 | 00:15 → 02:27
[08:57:45 16/12/2025] [INFO] 🎬 🔥 ANH TRAI SAY XE | 5 | 17:45 → 19:50
[08:57:45 16/12/2025] [INFO] 🎬 TRUY TÌM LONG DIÊN HƯƠNG | 5 | 15:30 → 17:55
[08:57:45 16/12/2025] [INFO] 🎬 HÁ ĐÁM - SINH NHẬT MẸ (T13) | 5 | 22:15 → 00:30
[08:57:45 16/12/2025] [INFO] 🎬 TRUY TÌM LONG DIÊN HƯƠNG | 5 | 20:00 → 22:25
[08:57:45 16/12/2025] [INFO] 🎬 HOÀNG TỬ QUỶ | 5 | 11:00 → 13:12
[08:57:45 16/12/2025] [INFO] 📽️ 5: 7/7 suất
[08:57:45 16/12/2025] [INFO] 🎬 🔥 PHIÊN CHỢ CỦA QUỶ | 7 | 17:45 → 19:37
[08:57:46 16/12/2025] [INFO] 🎬 🔥 CHÚ THUẬT HỒI CHIẾN: BIẾN CỐ SHIBUYA x TỬ DIỆT HỒI DU - THE MOVIE | 7 | 22:15 → 23:58
[08:57:46 16/12/2025] [INFO] 🎬  PHI VỤ THẾ KỶ - THOẮT ẨN THOẮT HIỆN (T13) | 7 | 00:15 → 02:23
[08:57:46 16/12/2025] [INFO] 🎬 KỲ AN NGHỈ | 7 | 13:15 → 15:09
[08:57:46 16/12/2025] [INFO] 🎬 QUÁI THÚ VÔ HÌNH - VÙNG ĐẤT CHẾT CHÓC | 7 | 11:00 → 11:16
[08:57:46 16/12/2025] [INFO] 🎬 PHIÊN CHỢ CỦA QUỶ | 7 | 22:15 → 00:07
[08:57:46 16/12/2025] [INFO] 🎬 QUÁI THÚ VÔ HÌNH - VÙNG ĐẤT CHẾT CHÓC | 7 | 08:45 → 09:01
[08:57:46 16/12/2025] [INFO] 📽️ 7: 7/7 suất
[08:57:46 16/12/2025] [INFO] 🎬  CƯỚI VỢ CHO CHA | 6 | 11:00 → 13:07
[08:57:47 16/12/2025] [INFO] 🎬 🔥 TỔ QUỐC TRONG TIM - THE CONCERT FILM (P) | 6 | 00:15 → 02:30
[08:57:47 16/12/2025] [INFO] 🎬  HOÀNG TỬ QUỶ | 6 | 22:15 → 00:27
[08:57:47 16/12/2025] [INFO] 🎬 PHIÊN CHỢ CỦA QUỶ | 6 | 22:15 → 00:07
[08:57:47 16/12/2025] [INFO] 🎬 ANH TRAI SAY XE | 6 | 15:30 → 17:35
[08:57:47 16/12/2025] [INFO] 🎬 GANGSTER VỀ LÀNG | 6 | 11:00 → 13:00
[08:57:47 16/12/2025] [INFO] 🎬 PHIÊN CHỢ CỦA QUỶ | 6 | 20:00 → 21:52
[08:57:47 16/12/2025] [INFO] 📽️ 6: 7/7 suất
[08:57:47 16/12/2025] [INFO] 🎬 🔥 ANH TRAI SAY XE | 3 | 00:15 → 02:20
[08:57:47 16/12/2025] [INFO] 🎬 🔥 PHIÊN CHỢ CỦA QUỶ | 3 | 08:45 → 10:37
[08:57:48 16/12/2025] [INFO] 🎬 CHÚ THUẬT HỒI CHIẾN: BIẾN CỐ SHIBUYA x TỬ DIỆT HỒI DU - THE MOVIE | 3 | 17:45 → 19:28
[08:57:48 16/12/2025] [INFO] 🎬 QUÁI THÚ VÔ HÌNH - VÙNG ĐẤT CHẾT CHÓC | 3 | 20:00 → 20:16
[08:57:48 16/12/2025] [INFO] 🎬 PHIÊN CHỢ CỦA QUỶ | 3 | 15:30 → 17:22
[08:57:49 16/12/2025] [INFO] 🎬 ANH TRAI SAY XE | 3 | 08:45 → 10:50
[08:57:49 16/12/2025] [INFO] 🎬 PHIÊN CHỢ CỦA QUỶ | 3 | 13:15 → 15:07
[08:57:49 16/12/2025] [INFO] 📽️ 3: 7/7 suất
[08:57:49 16/12/2025] [INFO] ✅ Hoàn tất tạo suất chiếu cho tuần mới — Tổng cộng: 308 suất!
[08:57:49 16/12/2025] [INFO] ✅ Suất chiếu ban đầu đã được tạo.
