[09:09:23 22/12/2025] [INFO] 🎬 Bắt đầu theo dõi thay đổi trạng thái phim...
[09:09:23 22/12/2025] [INFO] 🚀 Khởi động CRON tự động tạo suất chiếu...
[09:09:23 22/12/2025] [INFO] 🕒 Bắt đầu tạo suất chiếu cho tuần hiện tại...
[09:09:23 22/12/2025] [INFO] 🧹 Đã xoá toàn bộ suất chiếu cũ hơn 1 tuần.
[09:09:23 22/12/2025] [INFO] 📆 Tuần 22/12/2025 → 28/12/2025
[09:09:23 22/12/2025] [INFO] 
📅 Ngày 22/12/2025 (T2)
[09:09:24 22/12/2025] [INFO] 🎬  HOÀNG TỬ QUỶ | 7 | 20:15 → 22:27
[09:09:24 22/12/2025] [INFO] 🎬 🔥 TRUY TÌM LONG DIÊN HƯƠNG | 7 | 15:45 → 18:10
[09:09:24 22/12/2025] [INFO] 🎬  SCARLET | 7 | 09:00 → 09:16
[09:09:24 22/12/2025] [INFO] 🎬 HOÀNG TỬ QUỶ | 7 | 13:30 → 15:42
[09:09:24 22/12/2025] [INFO] 🎬 SCARLET | 7 | 22:30 → 22:46
[09:09:24 22/12/2025] [INFO] 🎬 PHÒNG TRỌ MA BẦU | 7 | 18:00 → 19:57
[09:09:24 22/12/2025] [INFO] 📽️ 7: 6/6 suất
[09:09:24 22/12/2025] [INFO] 🎬  PHI VỤ ĐỘNG TRỜI 2 (LỒNG TIẾNG) (P) | 1 | 15:45 → 17:47
[09:09:24 22/12/2025] [INFO] 🎬  GANGSTER VỀ LÀNG | 1 | 09:00 → 11:00
[09:09:25 22/12/2025] [INFO] 🎬 🔥 CHÚ THUẬT HỒI CHIẾN: BIẾN CỐ SHIBUYA x TỬ DIỆT HỒI DU - THE MOVIE | 1 | 20:15 → 21:58
[09:09:25 22/12/2025] [INFO] 🎬 TRUY TÌM LONG DIÊN HƯƠNG | 1 | 11:15 → 13:40
[09:09:25 22/12/2025] [INFO] 🎬 GANGSTER VỀ LÀNG | 1 | 09:00 → 11:00
[09:09:25 22/12/2025] [INFO] 🎬 PHÒNG TRỌ MA BẦU | 1 | 18:00 → 19:57
[09:09:25 22/12/2025] [INFO] 📽️ 1: 6/6 suất
[09:09:25 22/12/2025] [INFO] 🎬 🔥 PHÒNG TRỌ MA BẦU | 2 | 22:30 → 00:27
[09:09:25 22/12/2025] [INFO] 🎬  GANGSTER VỀ LÀNG | 2 | 15:45 → 17:45
[09:09:25 22/12/2025] [INFO] 🎬 🔥 AVATAR 3: LỬA VÀ TRO TÀN | 2 | 18:00 → 18:16
[09:09:26 22/12/2025] [INFO] 🎬  5 CENTIMET TRÊN GIÂY | 2 | 09:00 → 10:31
[09:09:26 22/12/2025] [INFO] 🎬 AVATAR 3: LỬA VÀ TRO TÀN | 2 | 18:00 → 18:16
[09:09:26 22/12/2025] [INFO] 🎬 SCARLET | 2 | 09:00 → 09:16
[09:09:26 22/12/2025] [INFO] 📽️ 2: 6/6 suất
[09:09:26 22/12/2025] [INFO] 🎬 🔥 CHÚ THUẬT HỒI CHIẾN: BIẾN CỐ SHIBUYA x TỬ DIỆT HỒI DU - THE MOVIE | 3 | 09:00 → 10:43
[09:09:26 22/12/2025] [INFO] 🎬  TAFITI NÁO LOẠN SA MẠC | 3 | 11:15 → 12:50
[09:09:26 22/12/2025] [INFO] 🎬 🔥 ANH TRAI SAY XE | 3 | 20:15 → 22:20
[09:09:26 22/12/2025] [INFO] 🎬 🔥 ANH TRAI SAY XE | 3 | 22:30 → 00:35
[09:09:26 22/12/2025] [INFO] 🎬 WICKED - PHẦN 2 | 3 | 15:45 → 18:18
[09:09:26 22/12/2025] [INFO] 🎬 5 CENTIMET TRÊN GIÂY | 3 | 13:30 → 15:01
[09:09:26 22/12/2025] [INFO] 📽️ 3: 6/6 suất
[09:09:27 22/12/2025] [INFO] 🎬 🔥 PHÒNG TRỌ MA BẦU | 5 | 11:15 → 13:12
[09:09:27 22/12/2025] [INFO] 🎬 🔥 AVATAR 3: LỬA VÀ TRO TÀN | 5 | 13:30 → 13:46
[09:09:28 22/12/2025] [INFO] 🎬 🔥 AVATAR 3: LỬA VÀ TRO TÀN | 5 | 22:30 → 22:46
[09:09:28 22/12/2025] [INFO] 🎬 PHÒNG TRỌ MA BẦU | 5 | 20:15 → 22:12
[09:09:28 22/12/2025] [INFO] 🎬 PHI VỤ ĐỘNG TRỜI 2 (LỒNG TIẾNG) (P) | 5 | 18:00 → 20:02
[09:09:28 22/12/2025] [INFO] 🎬 SCARLET | 5 | 15:45 → 16:01
[09:09:28 22/12/2025] [INFO] 📽️ 5: 6/6 suất
[09:09:29 22/12/2025] [INFO] 🎬  CƯỚI VỢ CHO CHA | 4 | 15:45 → 17:52
[09:09:29 22/12/2025] [INFO] 🎬  CƯỚI VỢ CHO CHA | 4 | 20:15 → 22:22
[09:09:29 22/12/2025] [INFO] 🎬  CƯỚI VỢ CHO CHA | 4 | 22:30 → 00:37
[09:09:30 22/12/2025] [INFO] 🎬  NĂM ĐÊM KINH HOÀNG 2 | 4 | 11:15 → 13:14
[09:09:30 22/12/2025] [INFO] 🎬 GANGSTER VỀ LÀNG | 4 | 13:30 → 15:30
[09:09:30 22/12/2025] [INFO] 🎬 TAFITI NÁO LOẠN SA MẠC | 4 | 11:15 → 12:50
[09:09:30 22/12/2025] [INFO] 📽️ 4: 6/6 suất
[09:09:30 22/12/2025] [INFO] 🎬  PHI VỤ ĐỘNG TRỜI 2 (LỒNG TIẾNG) (P) | 6 | 09:00 → 11:02
[09:09:30 22/12/2025] [INFO] 🎬 🔥 ANH TRAI SAY XE | 6 | 13:30 → 15:35
[09:09:30 22/12/2025] [INFO] 🎬  NĂM ĐÊM KINH HOÀNG 2 | 6 | 20:15 → 22:14
[09:09:30 22/12/2025] [INFO] 🎬 5 CENTIMET TRÊN GIÂY | 6 | 22:30 → 00:01
[09:09:30 22/12/2025] [INFO] 🎬 SCARLET | 6 | 15:45 → 16:01
[09:09:30 22/12/2025] [INFO] 🎬 NĂM ĐÊM KINH HOÀNG 2 | 6 | 11:15 → 13:14
[09:09:30 22/12/2025] [INFO] 📽️ 6: 6/6 suất
[09:09:30 22/12/2025] [INFO] 
📅 Ngày 23/12/2025 (T3)
[09:09:31 22/12/2025] [INFO] 🎬 🔥 ANH TRAI SAY XE | 1 | 13:30 → 15:35
[09:09:31 22/12/2025] [INFO] 🎬  WICKED - PHẦN 2 | 1 | 20:15 → 22:48
[09:09:31 22/12/2025] [INFO] 🎬 🔥 PHÒNG TRỌ MA BẦU | 1 | 15:45 → 17:42
[09:09:31 22/12/2025] [INFO] 🎬 SCARLET | 1 | 11:15 → 11:31
[09:09:31 22/12/2025] [INFO] 🎬 TAFITI NÁO LOẠN SA MẠC | 1 | 09:00 → 10:35
[09:09:31 22/12/2025] [INFO] 🎬 TAFITI NÁO LOẠN SA MẠC | 1 | 15:45 → 17:20
[09:09:31 22/12/2025] [INFO] 📽️ 1: 6/6 suất
[09:09:31 22/12/2025] [INFO] 🎬 🔥 CHÚ THUẬT HỒI CHIẾN: BIẾN CỐ SHIBUYA x TỬ DIỆT HỒI DU - THE MOVIE | 6 | 13:30 → 15:13
[09:09:31 22/12/2025] [INFO] 🎬  NĂM ĐÊM KINH HOÀNG 2 | 6 | 20:15 → 22:14
[09:09:32 22/12/2025] [INFO] 🎬 TAFITI NÁO LOẠN SA MẠC | 6 | 11:15 → 12:50
[09:09:32 22/12/2025] [INFO] 🎬 HOÀNG TỬ QUỶ | 6 | 15:45 → 17:57
[09:09:32 22/12/2025] [INFO] 🎬 PHÒNG TRỌ MA BẦU | 6 | 22:30 → 00:27
[09:09:32 22/12/2025] [INFO] 🎬 PHI VỤ THẾ KỶ - THOẮT ẨN THOẮT HIỆN (T13) | 6 | 18:00 → 20:08
[09:09:32 22/12/2025] [INFO] 📽️ 6: 6/6 suất
[09:09:32 22/12/2025] [INFO] 🎬  WICKED - PHẦN 2 | 3 | 13:30 → 16:03
[09:09:32 22/12/2025] [INFO] 🎬  HOÀNG TỬ QUỶ | 3 | 09:00 → 11:12
[09:09:32 22/12/2025] [INFO] 🎬 🔥 AVATAR 3: LỬA VÀ TRO TÀN | 3 | 22:30 → 22:46
[09:09:32 22/12/2025] [INFO] 🎬 TAFITI NÁO LOẠN SA MẠC | 3 | 18:00 → 19:35
[09:09:32 22/12/2025] [INFO] 🎬 PHÒNG TRỌ MA BẦU | 3 | 22:30 → 00:27
[09:09:32 22/12/2025] [INFO] 🎬 TAFITI NÁO LOẠN SA MẠC | 3 | 20:15 → 21:50
[09:09:32 22/12/2025] [INFO] 📽️ 3: 6/6 suất
[09:09:33 22/12/2025] [INFO] 🎬  5 CENTIMET TRÊN GIÂY | 4 | 15:45 → 17:16
[09:09:33 22/12/2025] [INFO] 🎬  PHI VỤ ĐỘNG TRỜI 2 (LỒNG TIẾNG) (P) | 4 | 22:30 → 00:32
[09:09:33 22/12/2025] [INFO] 🎬  SCARLET | 4 | 18:00 → 18:16
[09:09:33 22/12/2025] [INFO] 🎬 CƯỚI VỢ CHO CHA | 4 | 11:15 → 13:22
[09:09:33 22/12/2025] [INFO] 🎬 ANH TRAI SAY XE | 4 | 09:00 → 11:05
[09:09:33 22/12/2025] [INFO] 🎬 GANGSTER VỀ LÀNG | 4 | 18:00 → 20:00
[09:09:33 22/12/2025] [INFO] 📽️ 4: 6/6 suất
[09:09:33 22/12/2025] [INFO] 🎬 🔥 ANH TRAI SAY XE | 7 | 20:15 → 22:20
[09:09:33 22/12/2025] [INFO] 🎬 🔥 AVATAR 3: LỬA VÀ TRO TÀN | 7 | 09:00 → 09:16
[09:09:34 22/12/2025] [INFO] 🎬 🔥 ANH TRAI SAY XE | 7 | 22:30 → 00:35
[09:09:34 22/12/2025] [INFO] 🎬 ANH TRAI SAY XE | 7 | 09:00 → 11:05
[09:09:34 22/12/2025] [INFO] 🎬 PHÒNG TRỌ MA BẦU | 7 | 13:30 → 15:27
[09:09:34 22/12/2025] [INFO] 🎬 HOÀNG TỬ QUỶ | 7 | 18:00 → 20:12
[09:09:34 22/12/2025] [INFO] 📽️ 7: 6/6 suất
[09:09:34 22/12/2025] [INFO] 🎬 🔥 TRUY TÌM LONG DIÊN HƯƠNG | 2 | 11:15 → 13:40
[09:09:34 22/12/2025] [INFO] 🎬 🔥 TRUY TÌM LONG DIÊN HƯƠNG | 2 | 15:45 → 18:10
[09:09:34 22/12/2025] [INFO] 🎬 WICKED - PHẦN 2 | 2 | 09:00 → 11:33
[09:09:34 22/12/2025] [INFO] 🎬 PHI VỤ THẾ KỶ - THOẮT ẨN THOẮT HIỆN (T13) | 2 | 18:00 → 20:08
[09:09:34 22/12/2025] [INFO] 🎬 PHI VỤ THẾ KỶ - THOẮT ẨN THOẮT HIỆN (T13) | 2 | 13:30 → 15:38
[09:09:34 22/12/2025] [INFO] 🎬 HOÀNG TỬ QUỶ | 2 | 22:30 → 00:42
[09:09:34 22/12/2025] [INFO] 📽️ 2: 6/6 suất
[09:09:35 22/12/2025] [INFO] 🎬 🔥 CHÚ THUẬT HỒI CHIẾN: BIẾN CỐ SHIBUYA x TỬ DIỆT HỒI DU - THE MOVIE | 5 | 18:00 → 19:43
[09:09:35 22/12/2025] [INFO] 🎬 🔥 AVATAR 3: LỬA VÀ TRO TÀN | 5 | 13:30 → 13:46
[09:09:35 22/12/2025] [INFO] 🎬 PHI VỤ THẾ KỶ - THOẮT ẨN THOẮT HIỆN (T13) | 5 | 20:15 → 22:23
[09:09:35 22/12/2025] [INFO] 🎬 SCARLET | 5 | 22:30 → 22:46
[09:09:35 22/12/2025] [INFO] 🎬 CƯỚI VỢ CHO CHA | 5 | 09:00 → 11:07
[09:09:35 22/12/2025] [INFO] 🎬 AVATAR 3: LỬA VÀ TRO TÀN | 5 | 15:45 → 16:01
[09:09:35 22/12/2025] [INFO] 📽️ 5: 6/6 suất
[09:09:35 22/12/2025] [INFO] 
📅 Ngày 24/12/2025 (T4)
[09:09:35 22/12/2025] [INFO] 🎬  PHI VỤ THẾ KỶ - THOẮT ẨN THOẮT HIỆN (T13) | 1 | 18:00 → 20:08
[09:09:35 22/12/2025] [INFO] 🎬 🔥 TRUY TÌM LONG DIÊN HƯƠNG | 1 | 20:15 → 22:40
[09:09:35 22/12/2025] [INFO] 🎬 🔥 PHÒNG TRỌ MA BẦU | 1 | 09:00 → 10:57
[09:09:36 22/12/2025] [INFO] 🎬 🔥 CHÚ THUẬT HỒI CHIẾN: BIẾN CỐ SHIBUYA x TỬ DIỆT HỒI DU - THE MOVIE | 1 | 13:30 → 15:13
[09:09:36 22/12/2025] [INFO] 🎬 PHÒNG TRỌ MA BẦU | 1 | 09:00 → 10:57
[09:09:36 22/12/2025] [INFO] 🎬 TRUY TÌM LONG DIÊN HƯƠNG | 1 | 15:45 → 18:10
[09:09:36 22/12/2025] [INFO] 📽️ 1: 6/6 suất
[09:09:36 22/12/2025] [INFO] 🎬 🔥 AVATAR 3: LỬA VÀ TRO TÀN | 7 | 20:15 → 20:31
[09:09:36 22/12/2025] [INFO] 🎬  WICKED - PHẦN 2 | 7 | 22:30 → 01:03
[09:09:36 22/12/2025] [INFO] 🎬  SCARLET | 7 | 18:00 → 18:16
[09:09:36 22/12/2025] [INFO] 🎬  GANGSTER VỀ LÀNG | 7 | 15:45 → 17:45
[09:09:36 22/12/2025] [INFO] 🎬  CƯỚI VỢ CHO CHA | 7 | 09:00 → 11:07
[09:09:36 22/12/2025] [INFO] 🎬 PHI VỤ ĐỘNG TRỜI 2 (LỒNG TIẾNG) (P) | 7 | 11:15 → 13:17
[09:09:36 22/12/2025] [INFO] 📽️ 7: 6/6 suất
[09:09:37 22/12/2025] [INFO] 🎬 🔥 AVATAR 3: LỬA VÀ TRO TÀN | 6 | 11:15 → 11:31
[09:09:37 22/12/2025] [INFO] 🎬 🔥 PHÒNG TRỌ MA BẦU | 6 | 13:30 → 15:27
[09:09:37 22/12/2025] [INFO] 🎬 🔥 AVATAR 3: LỬA VÀ TRO TÀN | 6 | 15:45 → 16:01
[09:09:37 22/12/2025] [INFO] 🎬 SCARLET | 6 | 20:15 → 20:31
[09:09:37 22/12/2025] [INFO] 🎬 AVATAR 3: LỬA VÀ TRO TÀN | 6 | 09:00 → 09:16
[09:09:37 22/12/2025] [INFO] 🎬 NĂM ĐÊM KINH HOÀNG 2 | 6 | 11:15 → 13:14
[09:09:37 22/12/2025] [INFO] 📽️ 6: 6/6 suất
[09:09:37 22/12/2025] [INFO] 🎬 🔥 CHÚ THUẬT HỒI CHIẾN: BIẾN CỐ SHIBUYA x TỬ DIỆT HỒI DU - THE MOVIE | 2 | 22:30 → 00:13
[09:09:37 22/12/2025] [INFO] 🎬 🔥 ANH TRAI SAY XE | 2 | 18:00 → 20:05
[09:09:38 22/12/2025] [INFO] 🎬  WICKED - PHẦN 2 | 2 | 13:30 → 16:03
[09:09:38 22/12/2025] [INFO] 🎬 🔥 TRUY TÌM LONG DIÊN HƯƠNG | 2 | 09:00 → 11:25
[09:09:38 22/12/2025] [INFO] 🎬 PHÒNG TRỌ MA BẦU | 2 | 11:15 → 13:12
[09:09:38 22/12/2025] [INFO] 🎬 PHÒNG TRỌ MA BẦU | 2 | 09:00 → 10:57
[09:09:38 22/12/2025] [INFO] 📽️ 2: 6/6 suất
[09:09:38 22/12/2025] [INFO] 🎬  GANGSTER VỀ LÀNG | 4 | 22:30 → 00:30
[09:09:38 22/12/2025] [INFO] 🎬  TAFITI NÁO LOẠN SA MẠC | 4 | 13:30 → 15:05
[09:09:38 22/12/2025] [INFO] 🎬 NĂM ĐÊM KINH HOÀNG 2 | 4 | 11:15 → 13:14
[09:09:39 22/12/2025] [INFO] 🎬 SCARLET | 4 | 18:00 → 18:16
[09:09:39 22/12/2025] [INFO] 🎬 TAFITI NÁO LOẠN SA MẠC | 4 | 13:30 → 15:05
[09:09:39 22/12/2025] [INFO] 🎬 WICKED - PHẦN 2 | 4 | 15:45 → 18:18
[09:09:39 22/12/2025] [INFO] 📽️ 4: 6/6 suất
[09:09:39 22/12/2025] [INFO] 🎬  SCARLET | 3 | 09:00 → 09:16
[09:09:39 22/12/2025] [INFO] 🎬  HOÀNG TỬ QUỶ | 3 | 13:30 → 15:42
[09:09:39 22/12/2025] [INFO] 🎬  TAFITI NÁO LOẠN SA MẠC | 3 | 22:30 → 00:05
[09:09:39 22/12/2025] [INFO] 🎬 5 CENTIMET TRÊN GIÂY | 3 | 20:15 → 21:46
[09:09:39 22/12/2025] [INFO] 🎬 WICKED - PHẦN 2 | 3 | 13:30 → 16:03
[09:09:39 22/12/2025] [INFO] 🎬 WICKED - PHẦN 2 | 3 | 09:00 → 11:33
[09:09:39 22/12/2025] [INFO] 📽️ 3: 6/6 suất
[09:09:40 22/12/2025] [INFO] 🎬  CƯỚI VỢ CHO CHA | 5 | 18:00 → 20:07
[09:09:40 22/12/2025] [INFO] 🎬 ANH TRAI SAY XE | 5 | 13:30 → 15:35
[09:09:40 22/12/2025] [INFO] 🎬 CƯỚI VỢ CHO CHA | 5 | 20:15 → 22:22
[09:09:40 22/12/2025] [INFO] 🎬 PHÒNG TRỌ MA BẦU | 5 | 11:15 → 13:12
[09:09:40 22/12/2025] [INFO] 🎬 CHÚ THUẬT HỒI CHIẾN: BIẾN CỐ SHIBUYA x TỬ DIỆT HỒI DU - THE MOVIE | 5 | 09:00 → 10:43
[09:09:40 22/12/2025] [INFO] 🎬 5 CENTIMET TRÊN GIÂY | 5 | 18:00 → 19:31
[09:09:40 22/12/2025] [INFO] 📽️ 5: 6/6 suất
[09:09:40 22/12/2025] [INFO] 
📅 Ngày 25/12/2025 (T5)
[09:09:40 22/12/2025] [INFO] 🎬 🔥 ANH TRAI SAY XE | 4 | 18:00 → 20:05
[09:09:40 22/12/2025] [INFO] 🎬 🔥 PHÒNG TRỌ MA BẦU | 4 | 15:45 → 17:42
[09:09:40 22/12/2025] [INFO] 🎬  5 CENTIMET TRÊN GIÂY | 4 | 22:30 → 00:01
[09:09:41 22/12/2025] [INFO] 🎬 🔥 AVATAR 3: LỬA VÀ TRO TÀN | 4 | 09:00 → 09:16
[09:09:41 22/12/2025] [INFO] 🎬 🔥 AVATAR 3: LỬA VÀ TRO TÀN | 4 | 20:15 → 20:31
[09:09:41 22/12/2025] [INFO] 🎬 PHI VỤ THẾ KỶ - THOẮT ẨN THOẮT HIỆN (T13) | 4 | 22:30 → 00:38
[09:09:41 22/12/2025] [INFO] 📽️ 4: 6/6 suất
[09:09:41 22/12/2025] [INFO] 🎬  NĂM ĐÊM KINH HOÀNG 2 | 2 | 22:30 → 00:29
[09:09:41 22/12/2025] [INFO] 🎬  5 CENTIMET TRÊN GIÂY | 2 | 09:00 → 10:31
[09:09:41 22/12/2025] [INFO] 🎬  5 CENTIMET TRÊN GIÂY | 2 | 13:30 → 15:01
[09:09:41 22/12/2025] [INFO] 🎬 PHI VỤ ĐỘNG TRỜI 2 (LỒNG TIẾNG) (P) | 2 | 15:45 → 17:47
[09:09:41 22/12/2025] [INFO] 🎬 NĂM ĐÊM KINH HOÀNG 2 | 2 | 13:30 → 15:29
[09:09:41 22/12/2025] [INFO] 🎬 GANGSTER VỀ LÀNG | 2 | 11:15 → 13:15
[09:09:41 22/12/2025] [INFO] 📽️ 2: 6/6 suất
[09:09:42 22/12/2025] [INFO] 🎬 🔥 TRUY TÌM LONG DIÊN HƯƠNG | 3 | 18:00 → 20:25
[09:09:42 22/12/2025] [INFO] 🎬  CƯỚI VỢ CHO CHA | 3 | 15:45 → 17:52
[09:09:42 22/12/2025] [INFO] 🎬 🔥 CHÚ THUẬT HỒI CHIẾN: BIẾN CỐ SHIBUYA x TỬ DIỆT HỒI DU - THE MOVIE | 3 | 09:00 → 10:43
[09:09:42 22/12/2025] [INFO] 🎬 🔥 ANH TRAI SAY XE | 3 | 11:15 → 13:20
[09:09:42 22/12/2025] [INFO] 🎬 TAFITI NÁO LOẠN SA MẠC | 3 | 22:30 → 00:05
[09:09:42 22/12/2025] [INFO] 🎬 GANGSTER VỀ LÀNG | 3 | 13:30 → 15:30
[09:09:42 22/12/2025] [INFO] 📽️ 3: 6/6 suất
[09:09:42 22/12/2025] [INFO] 🎬 🔥 CHÚ THUẬT HỒI CHIẾN: BIẾN CỐ SHIBUYA x TỬ DIỆT HỒI DU - THE MOVIE | 5 | 18:00 → 19:43
[09:09:43 22/12/2025] [INFO] 🎬  CƯỚI VỢ CHO CHA | 5 | 20:15 → 22:22
[09:09:43 22/12/2025] [INFO] 🎬  GANGSTER VỀ LÀNG | 5 | 22:30 → 00:30
[09:09:43 22/12/2025] [INFO] 🎬 🔥 TRUY TÌM LONG DIÊN HƯƠNG | 5 | 09:00 → 11:25
[09:09:43 22/12/2025] [INFO] 🎬 PHI VỤ THẾ KỶ - THOẮT ẨN THOẮT HIỆN (T13) | 5 | 18:00 → 20:08
[09:09:43 22/12/2025] [INFO] 🎬 TAFITI NÁO LOẠN SA MẠC | 5 | 20:15 → 21:50
[09:09:43 22/12/2025] [INFO] 📽️ 5: 6/6 suất
[09:09:43 22/12/2025] [INFO] 🎬  PHI VỤ ĐỘNG TRỜI 2 (LỒNG TIẾNG) (P) | 7 | 20:15 → 22:17
[09:09:43 22/12/2025] [INFO] 🎬 PHÒNG TRỌ MA BẦU | 7 | 15:45 → 17:42
[09:09:44 22/12/2025] [INFO] 🎬 AVATAR 3: LỬA VÀ TRO TÀN | 7 | 13:30 → 13:46
[09:09:44 22/12/2025] [INFO] 🎬 PHÒNG TRỌ MA BẦU | 7 | 09:00 → 10:57
[09:09:44 22/12/2025] [INFO] 🎬 TRUY TÌM LONG DIÊN HƯƠNG | 7 | 18:00 → 20:25
[09:09:44 22/12/2025] [INFO] 🎬 HOÀNG TỬ QUỶ | 7 | 20:15 → 22:27
[09:09:44 22/12/2025] [INFO] 📽️ 7: 6/6 suất
[09:09:44 22/12/2025] [INFO] 🎬 🔥 PHÒNG TRỌ MA BẦU | 1 | 22:30 → 00:27
[09:09:44 22/12/2025] [INFO] 🎬  TAFITI NÁO LOẠN SA MẠC | 1 | 09:00 → 10:35
[09:09:45 22/12/2025] [INFO] 🎬 TAFITI NÁO LOẠN SA MẠC | 1 | 13:30 → 15:05
[09:09:45 22/12/2025] [INFO] 🎬 HOÀNG TỬ QUỶ | 1 | 20:15 → 22:27
[09:09:45 22/12/2025] [INFO] 🎬 ANH TRAI SAY XE | 1 | 15:45 → 17:50
[09:09:45 22/12/2025] [INFO] 🎬 PHI VỤ THẾ KỶ - THOẮT ẨN THOẮT HIỆN (T13) | 1 | 11:15 → 13:23
[09:09:45 22/12/2025] [INFO] 📽️ 1: 6/6 suất
[09:09:46 22/12/2025] [INFO] 🎬 WICKED - PHẦN 2 | 6 | 18:00 → 20:33
[09:09:46 22/12/2025] [INFO] 🎬 SCARLET | 6 | 13:30 → 13:46
[09:09:46 22/12/2025] [INFO] 🎬 WICKED - PHẦN 2 | 6 | 15:45 → 18:18
[09:09:46 22/12/2025] [INFO] 🎬 TAFITI NÁO LOẠN SA MẠC | 6 | 20:15 → 21:50
[09:09:46 22/12/2025] [INFO] 🎬 5 CENTIMET TRÊN GIÂY | 6 | 22:30 → 00:01
[09:09:46 22/12/2025] [INFO] 🎬 HOÀNG TỬ QUỶ | 6 | 09:00 → 11:12
[09:09:46 22/12/2025] [INFO] 📽️ 6: 6/6 suất
[09:09:46 22/12/2025] [INFO] 
📅 Ngày 26/12/2025 (T6)
[09:09:46 22/12/2025] [INFO] 🎬 🔥 ANH TRAI SAY XE | 6 | 00:00 → 02:05
[09:09:47 22/12/2025] [INFO] 🎬 🔥 CHÚ THUẬT HỒI CHIẾN: BIẾN CỐ SHIBUYA x TỬ DIỆT HỒI DU - THE MOVIE | 6 | 18:00 → 19:43
[09:09:47 22/12/2025] [INFO] 🎬 🔥 AVATAR 3: LỬA VÀ TRO TÀN | 6 | 15:45 → 16:01
[09:09:47 22/12/2025] [INFO] 🎬 🔥 PHÒNG TRỌ MA BẦU | 6 | 13:30 → 15:27
[09:09:47 22/12/2025] [INFO] 🎬  NĂM ĐÊM KINH HOÀNG 2 | 6 | 11:15 → 13:14
[09:09:47 22/12/2025] [INFO] 🎬 🔥 AVATAR 3: LỬA VÀ TRO TÀN | 6 | 20:15 → 20:31
[09:09:47 22/12/2025] [INFO] 📽️ 6: 6/6 suất
[09:09:47 22/12/2025] [INFO] 🎬  SCARLET | 1 | 00:00 → 00:16
[09:09:47 22/12/2025] [INFO] 🎬  PHI VỤ THẾ KỶ - THOẮT ẨN THOẮT HIỆN (T13) | 1 | 09:00 → 11:08
[09:09:48 22/12/2025] [INFO] 🎬  CƯỚI VỢ CHO CHA | 1 | 22:30 → 00:37
[09:09:48 22/12/2025] [INFO] 🎬 TRUY TÌM LONG DIÊN HƯƠNG | 1 | 22:30 → 00:55
[09:09:48 22/12/2025] [INFO] 🎬 AVATAR 3: LỬA VÀ TRO TÀN | 1 | 15:45 → 16:01
[09:09:48 22/12/2025] [INFO] 🎬 ANH TRAI SAY XE | 1 | 20:15 → 22:20
[09:09:48 22/12/2025] [INFO] 📽️ 1: 6/6 suất
[09:09:48 22/12/2025] [INFO] 🎬  PHI VỤ ĐỘNG TRỜI 2 (LỒNG TIẾNG) (P) | 2 | 15:45 → 17:47
[09:09:48 22/12/2025] [INFO] 🎬  PHI VỤ THẾ KỶ - THOẮT ẨN THOẮT HIỆN (T13) | 2 | 18:00 → 20:08
[09:09:48 22/12/2025] [INFO] 🎬  WICKED - PHẦN 2 | 2 | 09:00 → 11:33
[09:09:48 22/12/2025] [INFO] 🎬  PHI VỤ ĐỘNG TRỜI 2 (LỒNG TIẾNG) (P) | 2 | 13:30 → 15:32
[09:09:49 22/12/2025] [INFO] 🎬 AVATAR 3: LỬA VÀ TRO TÀN | 2 | 15:45 → 16:01
[09:09:49 22/12/2025] [INFO] 🎬 PHÒNG TRỌ MA BẦU | 2 | 18:00 → 19:57
[09:09:49 22/12/2025] [INFO] 📽️ 2: 6/6 suất
[09:09:49 22/12/2025] [INFO] 🎬 🔥 AVATAR 3: LỬA VÀ TRO TÀN | 5 | 09:00 → 09:16
[09:09:49 22/12/2025] [INFO] 🎬 🔥 CHÚ THUẬT HỒI CHIẾN: BIẾN CỐ SHIBUYA x TỬ DIỆT HỒI DU - THE MOVIE | 5 | 00:00 → 01:43
[09:09:49 22/12/2025] [INFO] 🎬 🔥 TRUY TÌM LONG DIÊN HƯƠNG | 5 | 15:45 → 18:10
[09:09:49 22/12/2025] [INFO] 🎬  5 CENTIMET TRÊN GIÂY | 5 | 22:30 → 00:01
[09:09:49 22/12/2025] [INFO] 🎬 PHI VỤ ĐỘNG TRỜI 2 (LỒNG TIẾNG) (P) | 5 | 15:45 → 17:47
[09:09:49 22/12/2025] [INFO] 🎬 5 CENTIMET TRÊN GIÂY | 5 | 20:15 → 21:46
[09:09:49 22/12/2025] [INFO] 📽️ 5: 6/6 suất
[09:09:50 22/12/2025] [INFO] 🎬  GANGSTER VỀ LÀNG | 3 | 00:00 → 02:00
[09:09:50 22/12/2025] [INFO] 🎬  SCARLET | 3 | 13:30 → 13:46
[09:09:50 22/12/2025] [INFO] 🎬 PHI VỤ THẾ KỶ - THOẮT ẨN THOẮT HIỆN (T13) | 3 | 20:15 → 22:23
[09:09:50 22/12/2025] [INFO] 🎬 NĂM ĐÊM KINH HOÀNG 2 | 3 | 18:00 → 19:59
[09:09:50 22/12/2025] [INFO] 🎬 NĂM ĐÊM KINH HOÀNG 2 | 3 | 15:45 → 17:44
[09:09:50 22/12/2025] [INFO] 🎬 PHÒNG TRỌ MA BẦU | 3 | 13:30 → 15:27
[09:09:50 22/12/2025] [INFO] 📽️ 3: 6/6 suất
[09:09:51 22/12/2025] [INFO] 🎬  TAFITI NÁO LOẠN SA MẠC | 7 | 15:45 → 17:20
[09:09:51 22/12/2025] [INFO] 🎬 🔥 ANH TRAI SAY XE | 7 | 09:00 → 11:05
[09:09:51 22/12/2025] [INFO] 🎬 🔥 CHÚ THUẬT HỒI CHIẾN: BIẾN CỐ SHIBUYA x TỬ DIỆT HỒI DU - THE MOVIE | 7 | 22:30 → 00:13
[09:09:51 22/12/2025] [INFO] 🎬 PHÒNG TRỌ MA BẦU | 7 | 00:00 → 01:57
[09:09:51 22/12/2025] [INFO] 🎬 ANH TRAI SAY XE | 7 | 15:45 → 17:50
[09:09:51 22/12/2025] [INFO] 🎬 PHÒNG TRỌ MA BẦU | 7 | 11:15 → 13:12
[09:09:51 22/12/2025] [INFO] 📽️ 7: 6/6 suất
[09:09:52 22/12/2025] [INFO] 🎬  HOÀNG TỬ QUỶ | 4 | 11:15 → 13:27
[09:09:52 22/12/2025] [INFO] 🎬 TRUY TÌM LONG DIÊN HƯƠNG | 4 | 09:00 → 11:25
[09:09:52 22/12/2025] [INFO] 🎬 SCARLET | 4 | 22:30 → 22:46
[09:09:52 22/12/2025] [INFO] 🎬 PHI VỤ THẾ KỶ - THOẮT ẨN THOẮT HIỆN (T13) | 4 | 20:15 → 22:23
[09:09:52 22/12/2025] [INFO] 🎬 NĂM ĐÊM KINH HOÀNG 2 | 4 | 13:30 → 15:29
[09:09:52 22/12/2025] [INFO] 🎬 AVATAR 3: LỬA VÀ TRO TÀN | 4 | 15:45 → 16:01
[09:09:52 22/12/2025] [INFO] 📽️ 4: 6/6 suất
[09:09:52 22/12/2025] [INFO] 
📅 Ngày 27/12/2025 (T7)
[09:09:52 22/12/2025] [INFO] 🎬  SCARLET | 7 | 10:45 → 11:01
[09:09:52 22/12/2025] [INFO] 🎬  CƯỚI VỢ CHO CHA | 7 | 08:30 → 10:37
[09:09:52 22/12/2025] [INFO] 🎬 🔥 CHÚ THUẬT HỒI CHIẾN: BIẾN CỐ SHIBUYA x TỬ DIỆT HỒI DU - THE MOVIE | 7 | 13:00 → 14:43
[09:09:53 22/12/2025] [INFO] 🎬 🔥 ANH TRAI SAY XE | 7 | 19:45 → 21:50
[09:09:53 22/12/2025] [INFO] 🎬 🔥 PHÒNG TRỌ MA BẦU | 7 | 15:15 → 17:12
[09:09:53 22/12/2025] [INFO] 🎬  HOÀNG TỬ QUỶ | 7 | 00:10 → 02:22
[09:09:53 22/12/2025] [INFO] 🎬  NĂM ĐÊM KINH HOÀNG 2 | 7 | 17:30 → 19:29
[09:09:53 22/12/2025] [INFO] 📽️ 7: 7/7 suất
[09:09:53 22/12/2025] [INFO] 🎬 🔥 TRUY TÌM LONG DIÊN HƯƠNG | 4 | 00:10 → 02:35
[09:09:53 22/12/2025] [INFO] 🎬  GANGSTER VỀ LÀNG | 4 | 22:00 → 00:00
[09:09:54 22/12/2025] [INFO] 🎬 SCARLET | 4 | 00:10 → 00:26
[09:09:54 22/12/2025] [INFO] 🎬 SCARLET | 4 | 22:00 → 22:16
[09:09:54 22/12/2025] [INFO] 🎬 PHI VỤ ĐỘNG TRỜI 2 (LỒNG TIẾNG) (P) | 4 | 19:45 → 21:47
[09:09:54 22/12/2025] [INFO] 🎬 TRUY TÌM LONG DIÊN HƯƠNG | 4 | 17:30 → 19:55
[09:09:54 22/12/2025] [INFO] 🎬 PHI VỤ THẾ KỶ - THOẮT ẨN THOẮT HIỆN (T13) | 4 | 10:45 → 12:53
[09:09:54 22/12/2025] [INFO] 📽️ 4: 7/7 suất
[09:09:54 22/12/2025] [INFO] 🎬  TAFITI NÁO LOẠN SA MẠC | 1 | 22:00 → 23:35
[09:09:54 22/12/2025] [INFO] 🎬 🔥 CHÚ THUẬT HỒI CHIẾN: BIẾN CỐ SHIBUYA x TỬ DIỆT HỒI DU - THE MOVIE | 1 | 19:45 → 21:28
[09:09:54 22/12/2025] [INFO] 🎬  GANGSTER VỀ LÀNG | 1 | 00:10 → 02:10
[09:09:54 22/12/2025] [INFO] 🎬 CHÚ THUẬT HỒI CHIẾN: BIẾN CỐ SHIBUYA x TỬ DIỆT HỒI DU - THE MOVIE | 1 | 22:00 → 23:43
[09:09:54 22/12/2025] [INFO] 🎬 5 CENTIMET TRÊN GIÂY | 1 | 15:15 → 16:46
[09:09:55 22/12/2025] [INFO] 🎬 HOÀNG TỬ QUỶ | 1 | 08:30 → 10:42
[09:09:55 22/12/2025] [INFO] 🎬 ANH TRAI SAY XE | 1 | 10:45 → 12:50
[09:09:55 22/12/2025] [INFO] 📽️ 1: 7/7 suất
[09:09:55 22/12/2025] [INFO] 🎬  HOÀNG TỬ QUỶ | 5 | 17:30 → 19:42
[09:09:55 22/12/2025] [INFO] 🎬  TAFITI NÁO LOẠN SA MẠC | 5 | 00:10 → 01:45
[09:09:55 22/12/2025] [INFO] 🎬  PHI VỤ ĐỘNG TRỜI 2 (LỒNG TIẾNG) (P) | 5 | 08:30 → 10:32
[09:09:55 22/12/2025] [INFO] 🎬 NĂM ĐÊM KINH HOÀNG 2 | 5 | 19:45 → 21:44
[09:09:55 22/12/2025] [INFO] 🎬 WICKED - PHẦN 2 | 5 | 22:00 → 00:33
[09:09:55 22/12/2025] [INFO] 🎬 ANH TRAI SAY XE | 5 | 17:30 → 19:35
[09:09:55 22/12/2025] [INFO] 🎬 SCARLET | 5 | 08:30 → 08:46
[09:09:55 22/12/2025] [INFO] 📽️ 5: 7/7 suất
[09:09:56 22/12/2025] [INFO] 🎬  WICKED - PHẦN 2 | 2 | 00:10 → 02:43
[09:09:56 22/12/2025] [INFO] 🎬  PHI VỤ THẾ KỶ - THOẮT ẨN THOẮT HIỆN (T13) | 2 | 19:45 → 21:53
[09:09:56 22/12/2025] [INFO] 🎬 🔥 TRUY TÌM LONG DIÊN HƯƠNG | 2 | 10:45 → 13:10
[09:09:56 22/12/2025] [INFO] 🎬  5 CENTIMET TRÊN GIÂY | 2 | 08:30 → 10:01
[09:09:56 22/12/2025] [INFO] 🎬 PHÒNG TRỌ MA BẦU | 2 | 15:15 → 17:12
[09:09:56 22/12/2025] [INFO] 🎬 PHI VỤ ĐỘNG TRỜI 2 (LỒNG TIẾNG) (P) | 2 | 13:00 → 15:02
[09:09:56 22/12/2025] [INFO] 🎬 CHÚ THUẬT HỒI CHIẾN: BIẾN CỐ SHIBUYA x TỬ DIỆT HỒI DU - THE MOVIE | 2 | 08:30 → 10:13
[09:09:56 22/12/2025] [INFO] 📽️ 2: 7/7 suất
[09:09:56 22/12/2025] [INFO] 🎬 🔥 PHÒNG TRỌ MA BẦU | 3 | 19:45 → 21:42
[09:09:57 22/12/2025] [INFO] 🎬 CƯỚI VỢ CHO CHA | 3 | 19:45 → 21:52
[09:09:57 22/12/2025] [INFO] 🎬 TRUY TÌM LONG DIÊN HƯƠNG | 3 | 08:30 → 10:55
[09:09:57 22/12/2025] [INFO] 🎬 PHI VỤ THẾ KỶ - THOẮT ẨN THOẮT HIỆN (T13) | 3 | 00:10 → 02:18
[09:09:57 22/12/2025] [INFO] 🎬 AVATAR 3: LỬA VÀ TRO TÀN | 3 | 17:30 → 17:46
[09:09:57 22/12/2025] [INFO] 🎬 GANGSTER VỀ LÀNG | 3 | 10:45 → 12:45
[09:09:57 22/12/2025] [INFO] 🎬 PHI VỤ ĐỘNG TRỜI 2 (LỒNG TIẾNG) (P) | 3 | 15:15 → 17:17
[09:09:57 22/12/2025] [INFO] 📽️ 3: 7/7 suất
[09:09:57 22/12/2025] [INFO] 🎬 🔥 ANH TRAI SAY XE | 6 | 00:10 → 02:15
[09:09:57 22/12/2025] [INFO] 🎬  NĂM ĐÊM KINH HOÀNG 2 | 6 | 10:45 → 12:44
[09:09:58 22/12/2025] [INFO] 🎬 PHI VỤ THẾ KỶ - THOẮT ẨN THOẮT HIỆN (T13) | 6 | 08:30 → 10:38
[09:09:58 22/12/2025] [INFO] 🎬 PHI VỤ ĐỘNG TRỜI 2 (LỒNG TIẾNG) (P) | 6 | 17:30 → 19:32
[09:09:58 22/12/2025] [INFO] 🎬 SCARLET | 6 | 10:45 → 11:01
[09:09:58 22/12/2025] [INFO] 🎬 CHÚ THUẬT HỒI CHIẾN: BIẾN CỐ SHIBUYA x TỬ DIỆT HỒI DU - THE MOVIE | 6 | 00:10 → 01:53
[09:09:58 22/12/2025] [INFO] 🎬 5 CENTIMET TRÊN GIÂY | 6 | 15:15 → 16:46
[09:09:58 22/12/2025] [INFO] 📽️ 6: 7/7 suất
[09:09:58 22/12/2025] [INFO] 
📅 Ngày 28/12/2025 (CN)
[09:09:58 22/12/2025] [INFO] 🎬  5 CENTIMET TRÊN GIÂY | 6 | 20:00 → 21:31
[09:09:58 22/12/2025] [INFO] 🎬  PHI VỤ THẾ KỶ - THOẮT ẨN THOẮT HIỆN (T13) | 6 | 15:30 → 17:38
[09:09:58 22/12/2025] [INFO] 🎬  5 CENTIMET TRÊN GIÂY | 6 | 11:00 → 12:31
[09:09:58 22/12/2025] [INFO] 🎬 🔥 PHÒNG TRỌ MA BẦU | 6 | 22:15 → 00:12
[09:09:58 22/12/2025] [INFO] 🎬 🔥 PHÒNG TRỌ MA BẦU | 6 | 00:15 → 02:12
[09:09:59 22/12/2025] [INFO] 🎬 🔥 AVATAR 3: LỬA VÀ TRO TÀN | 6 | 17:45 → 18:01
[09:09:59 22/12/2025] [INFO] 🎬 NĂM ĐÊM KINH HOÀNG 2 | 6 | 11:00 → 12:59
[09:09:59 22/12/2025] [INFO] 📽️ 6: 7/7 suất
[09:09:59 22/12/2025] [INFO] 🎬  CƯỚI VỢ CHO CHA | 1 | 15:30 → 17:37
[09:09:59 22/12/2025] [INFO] 🎬  TAFITI NÁO LOẠN SA MẠC | 1 | 13:15 → 14:50
[09:09:59 22/12/2025] [INFO] 🎬 🔥 PHÒNG TRỌ MA BẦU | 1 | 08:45 → 10:42
[09:09:59 22/12/2025] [INFO] 🎬 🔥 CHÚ THUẬT HỒI CHIẾN: BIẾN CỐ SHIBUYA x TỬ DIỆT HỒI DU - THE MOVIE | 1 | 17:45 → 19:28
[09:09:59 22/12/2025] [INFO] 🎬 🔥 CHÚ THUẬT HỒI CHIẾN: BIẾN CỐ SHIBUYA x TỬ DIỆT HỒI DU - THE MOVIE | 1 | 11:00 → 12:43
[09:09:59 22/12/2025] [INFO] 🎬 WICKED - PHẦN 2 | 1 | 11:00 → 13:33
[09:10:00 22/12/2025] [INFO] 🎬 TRUY TÌM LONG DIÊN HƯƠNG | 1 | 00:15 → 02:40
[09:10:00 22/12/2025] [INFO] 📽️ 1: 7/7 suất
[09:10:00 22/12/2025] [INFO] 🚀 Phim cập nhật sang đang chiếu: EM SẼ KHỬ ANH (khởi chiếu 12/12/2025) → tạo suất chiếu ngay.
[09:10:00 22/12/2025] [INFO] 🎬 🔥 ANH TRAI SAY XE | 7 | 11:00 → 13:05
[09:10:00 22/12/2025] [INFO] 🚀 Phim cập nhật sang đang chiếu: THẾ HỆ KỲ TÍCH (BÀ ĐỪNG BUỒN CON) (khởi chiếu 12/12/2025) → tạo suất chiếu ngay.
[09:10:00 22/12/2025] [INFO] 🚀 Phim cập nhật sang đang chiếu: VUA CỦA CÁC VUA (khởi chiếu 12/12/2025) → tạo suất chiếu ngay.
[09:10:00 22/12/2025] [INFO] 🚀 Phim cập nhật sang đang chiếu: MẮC BẪY LŨ TÍ QUẬY (khởi chiếu 12/12/2025) → tạo suất chiếu ngay.
[09:10:00 22/12/2025] [INFO] 🎬 Tạo lịch chiếu cho phim:  EM SẼ KHỬ ANH
[09:10:00 22/12/2025] [INFO] 📅 22/12/2025 — EM SẼ KHỬ ANH chiếu tại 2 phòng
[09:10:00 22/12/2025] [INFO] 🎬  5 CENTIMET TRÊN GIÂY | 7 | 00:15 → 01:46
[09:10:00 22/12/2025] [INFO] 🎬 Tạo lịch chiếu cho phim:  VUA CỦA CÁC VUA
[09:10:00 22/12/2025] [INFO] 📅 22/12/2025 — VUA CỦA CÁC VUA chiếu tại 3 phòng
[09:10:00 22/12/2025] [INFO] 🎬 Tạo lịch chiếu cho phim:  THẾ HỆ KỲ TÍCH (BÀ ĐỪNG BUỒN CON)
[09:10:00 22/12/2025] [INFO] 📅 22/12/2025 — THẾ HỆ KỲ TÍCH (BÀ ĐỪNG BUỒN CON) chiếu tại 3 phòng
[09:10:00 22/12/2025] [INFO] 🎬 Tạo lịch chiếu cho phim:  MẮC BẪY LŨ TÍ QUẬY
[09:10:00 22/12/2025] [INFO] 📅 22/12/2025 — MẮC BẪY LŨ TÍ QUẬY chiếu tại 2 phòng
[09:10:00 22/12/2025] [INFO] 🎥 THẾ HỆ KỲ TÍCH (BÀ ĐỪNG BUỒN CON) | 4 | 09:00 → 09:16 | 💰 54.000đ
[09:10:00 22/12/2025] [INFO] 🎬 🔥 ANH TRAI SAY XE | 7 | 13:15 → 15:20
[09:10:00 22/12/2025] [INFO] 🎥 MẮC BẪY LŨ TÍ QUẬY | 1 | 22:30 → 00:05 | 💰 78.000đ
[09:10:00 22/12/2025] [INFO] 📽️ 4: 1/6 suất.
[09:10:00 22/12/2025] [INFO] 🎥 VUA CỦA CÁC VUA | 5 | 09:00 → 09:16 | 💰 54.000đ
[09:10:00 22/12/2025] [INFO] 📽️ 5: 1/6 suất.
[09:10:00 22/12/2025] [INFO] 🎥 EM SẼ KHỬ ANH | 5 | 09:00 → 09:16 | 💰 54.000đ
[09:10:00 22/12/2025] [INFO] 📽️ 5: 1/6 suất.
[09:10:00 22/12/2025] [INFO] 🎬 🔥 ANH TRAI SAY XE | 7 | 17:45 → 19:50
[09:10:00 22/12/2025] [INFO] 📽️ 1: 1/6 suất.
[09:10:00 22/12/2025] [INFO] 🎬  SCARLET | 7 | 20:00 → 20:16
[09:10:00 22/12/2025] [INFO] 🎬 HOÀNG TỬ QUỶ | 7 | 11:00 → 13:12
[09:10:01 22/12/2025] [INFO] 🎬 PHI VỤ ĐỘNG TRỜI 2 (LỒNG TIẾNG) (P) | 7 | 15:30 → 17:32
[09:10:01 22/12/2025] [INFO] 📽️ 7: 7/7 suất
[09:10:01 22/12/2025] [INFO] 📅 23/12/2025 — EM SẼ KHỬ ANH chiếu tại 2 phòng
[09:10:01 22/12/2025] [INFO] 🎥 MẮC BẪY LŨ TÍ QUẬY | 2 | 11:15 → 12:50 | 💰 68.000đ
[09:10:01 22/12/2025] [INFO] 📅 23/12/2025 — VUA CỦA CÁC VUA chiếu tại 2 phòng
[09:10:01 22/12/2025] [INFO] 🎬  PHI VỤ THẾ KỶ - THOẮT ẨN THOẮT HIỆN (T13) | 2 | 08:45 → 10:53
[09:10:01 22/12/2025] [INFO] 🎥 THẾ HỆ KỲ TÍCH (BÀ ĐỪNG BUỒN CON) | 2 | 20:15 → 20:31 | 💰 78.000đ
[09:10:01 22/12/2025] [INFO] 🎥 MẮC BẪY LŨ TÍ QUẬY | 2 | 13:30 → 15:05 | 💰 68.000đ
[09:10:01 22/12/2025] [INFO] 🎬  WICKED - PHẦN 2 | 2 | 17:45 → 20:18
[09:10:01 22/12/2025] [INFO] 📽️ 2: 2/6 suất.
[09:10:01 22/12/2025] [INFO] 📅 23/12/2025 — MẮC BẪY LŨ TÍ QUẬY chiếu tại 3 phòng
[09:10:01 22/12/2025] [INFO] 📽️ 2: 1/6 suất.
[09:10:01 22/12/2025] [INFO] 📅 23/12/2025 — THẾ HỆ KỲ TÍCH (BÀ ĐỪNG BUỒN CON) chiếu tại 2 phòng
[09:10:01 22/12/2025] [INFO] 🎥 VUA CỦA CÁC VUA | 6 | 09:00 → 09:16 | 💰 68.000đ
[09:10:01 22/12/2025] [INFO] 🎥 EM SẼ KHỬ ANH | 4 | 13:30 → 13:46 | 💰 68.000đ
[09:10:01 22/12/2025] [INFO] 🎬 🔥 AVATAR 3: LỬA VÀ TRO TÀN | 2 | 13:15 → 13:31
[09:10:01 22/12/2025] [INFO] 📽️ 6: 1/6 suất.
[09:10:01 22/12/2025] [INFO] 🎥 MẮC BẪY LŨ TÍ QUẬY | 4 | 20:15 → 21:50 | 💰 78.000đ
[09:10:01 22/12/2025] [INFO] 📽️ 4: 1/6 suất.
[09:10:01 22/12/2025] [INFO] 📅 24/12/2025 — EM SẼ KHỬ ANH chiếu tại 2 phòng
[09:10:01 22/12/2025] [INFO] 📽️ 4: 1/6 suất.
[09:10:01 22/12/2025] [INFO] 📅 24/12/2025 — VUA CỦA CÁC VUA chiếu tại 3 phòng
[09:10:01 22/12/2025] [INFO] 🎬 5 CENTIMET TRÊN GIÂY | 2 | 08:45 → 10:16
[09:10:01 22/12/2025] [INFO] 🎥 THẾ HỆ KỲ TÍCH (BÀ ĐỪNG BUỒN CON) | 2 | 20:15 → 20:31 | 💰 78.000đ
[09:10:01 22/12/2025] [INFO] 🎬 ANH TRAI SAY XE | 2 | 13:15 → 15:20
[09:10:02 22/12/2025] [INFO] 🎬 GANGSTER VỀ LÀNG | 2 | 17:45 → 19:45
[09:10:02 22/12/2025] [INFO] 🎬 AVATAR 3: LỬA VÀ TRO TÀN | 2 | 15:30 → 15:46
[09:10:02 22/12/2025] [INFO] 📽️ 2: 7/7 suất
[09:10:02 22/12/2025] [INFO] 📽️ 2: 1/6 suất.
[09:10:02 22/12/2025] [INFO] 📅 24/12/2025 — THẾ HỆ KỲ TÍCH (BÀ ĐỪNG BUỒN CON) chiếu tại 3 phòng
[09:10:02 22/12/2025] [INFO] 🎥 EM SẼ KHỬ ANH | 2 | 20:15 → 20:31 | 💰 78.000đ
[09:10:02 22/12/2025] [INFO] 📽️ 2: 1/6 suất.
[09:10:02 22/12/2025] [INFO] 🎥 VUA CỦA CÁC VUA | 7 | 13:30 → 13:46 | 💰 102.000đ
[09:10:02 22/12/2025] [INFO] 📽️ 7: 1/6 suất.
[09:10:02 22/12/2025] [INFO] 🎥 THẾ HỆ KỲ TÍCH (BÀ ĐỪNG BUỒN CON) | 5 | 22:30 → 22:46 | 💰 78.000đ
[09:10:02 22/12/2025] [INFO] 🎥 MẮC BẪY LŨ TÍ QUẬY | 5 | 11:15 → 12:50 | 💰 68.000đ
[09:10:02 22/12/2025] [INFO] 🎥 THẾ HỆ KỲ TÍCH (BÀ ĐỪNG BUỒN CON) | 5 | 15:45 → 16:01 | 💰 68.000đ
[09:10:02 22/12/2025] [INFO] 🎥 EM SẼ KHỬ ANH | 1 | 11:15 → 11:31 | 💰 68.000đ
[09:10:02 22/12/2025] [INFO] 📽️ 1: 1/6 suất.
[09:10:02 22/12/2025] [INFO] 📅 25/12/2025 — EM SẼ KHỬ ANH chiếu tại 3 phòng
[09:10:02 22/12/2025] [INFO] 🎬  PHI VỤ THẾ KỶ - THOẮT ẨN THOẮT HIỆN (T13) | 3 | 00:15 → 02:23
[09:10:02 22/12/2025] [INFO] 📽️ 5: 1/6 suất.
[09:10:02 22/12/2025] [INFO] 📅 24/12/2025 — MẮC BẪY LŨ TÍ QUẬY chiếu tại 3 phòng
[09:10:02 22/12/2025] [INFO] 📽️ 5: 2/6 suất.
[09:10:02 22/12/2025] [INFO] 🎥 VUA CỦA CÁC VUA | 4 | 09:00 → 09:16 | 💰 54.000đ
[09:10:02 22/12/2025] [INFO] 🎥 EM SẼ KHỬ ANH | 7 | 11:15 → 11:31 | 💰 102.000đ
[09:10:02 22/12/2025] [INFO] 🎬 CHÚ THUẬT HỒI CHIẾN: BIẾN CỐ SHIBUYA x TỬ DIỆT HỒI DU - THE MOVIE | 3 | 11:00 → 12:43
[09:10:02 22/12/2025] [INFO] 🎬 HOÀNG TỬ QUỶ | 3 | 22:15 → 00:27
[09:10:02 22/12/2025] [INFO] 🎬 PHI VỤ THẾ KỶ - THOẮT ẨN THOẮT HIỆN (T13) | 3 | 20:00 → 22:08
[09:10:02 22/12/2025] [INFO] 📽️ 7: 1/6 suất.
[09:10:02 22/12/2025] [INFO] 🎬 HOÀNG TỬ QUỶ | 3 | 00:15 → 02:27
[09:10:03 22/12/2025] [INFO] 🎥 VUA CỦA CÁC VUA | 4 | 20:15 → 20:31 | 💰 78.000đ
[09:10:03 22/12/2025] [INFO] 🎬 CƯỚI VỢ CHO CHA | 3 | 15:30 → 17:37
[09:10:03 22/12/2025] [INFO] 📽️ 4: 2/6 suất.
[09:10:03 22/12/2025] [INFO] 📅 25/12/2025 — VUA CỦA CÁC VUA chiếu tại 2 phòng
[09:10:03 22/12/2025] [INFO] 🎬 PHI VỤ ĐỘNG TRỜI 2 (LỒNG TIẾNG) (P) | 3 | 13:15 → 15:17
[09:10:03 22/12/2025] [INFO] 📽️ 3: 7/7 suất
[09:10:03 22/12/2025] [INFO] 🎥 MẮC BẪY LŨ TÍ QUẬY | 3 | 18:00 → 19:35 | 💰 78.000đ
[09:10:03 22/12/2025] [INFO] 📅 25/12/2025 — THẾ HỆ KỲ TÍCH (BÀ ĐỪNG BUỒN CON) chiếu tại 3 phòng
[09:10:03 22/12/2025] [INFO] 🎥 VUA CỦA CÁC VUA | 4 | 13:30 → 13:46 | 💰 68.000đ
[09:10:03 22/12/2025] [INFO] 📽️ 3: 1/6 suất.
[09:10:03 22/12/2025] [INFO] 🎥 EM SẼ KHỬ ANH | 5 | 15:45 → 16:01 | 💰 68.000đ
[09:10:03 22/12/2025] [INFO] 🎥 VUA CỦA CÁC VUA | 4 | 11:15 → 11:31 | 💰 68.000đ
[09:10:03 22/12/2025] [INFO] 🎬 🔥 TRUY TÌM LONG DIÊN HƯƠNG | 5 | 08:45 → 11:10
[09:10:03 22/12/2025] [INFO] 📽️ 5: 1/6 suất.
[09:10:03 22/12/2025] [INFO] 📽️ 4: 2/6 suất.
[09:10:03 22/12/2025] [INFO] 📅 25/12/2025 — MẮC BẪY LŨ TÍ QUẬY chiếu tại 3 phòng
[09:10:03 22/12/2025] [INFO] 🎬  WICKED - PHẦN 2 | 5 | 22:15 → 00:48
[09:10:03 22/12/2025] [INFO] 🎥 EM SẼ KHỬ ANH | 2 | 20:15 → 20:31 | 💰 78.000đ
[09:10:03 22/12/2025] [INFO] 📽️ 2: 1/6 suất.
[09:10:03 22/12/2025] [INFO] 📅 26/12/2025 — EM SẼ KHỬ ANH chiếu tại 2 phòng
[09:10:03 22/12/2025] [INFO] 🎬 CHÚ THUẬT HỒI CHIẾN: BIẾN CỐ SHIBUYA x TỬ DIỆT HỒI DU - THE MOVIE | 5 | 00:15 → 01:58
[09:10:03 22/12/2025] [INFO] 📅 26/12/2025 — VUA CỦA CÁC VUA chiếu tại 3 phòng
[09:10:03 22/12/2025] [INFO] 🎬 PHI VỤ ĐỘNG TRỜI 2 (LỒNG TIẾNG) (P) | 5 | 22:15 → 00:17
[09:10:03 22/12/2025] [INFO] 🎥 THẾ HỆ KỲ TÍCH (BÀ ĐỪNG BUỒN CON) | 5 | 13:30 → 13:46 | 💰 68.000đ
[09:10:03 22/12/2025] [INFO] 🎥 EM SẼ KHỬ ANH | 7 | 18:00 → 18:16 | 💰 152.000đ
[09:10:04 22/12/2025] [INFO] 🎬 CƯỚI VỢ CHO CHA | 5 | 13:15 → 15:22
[09:10:04 22/12/2025] [INFO] 🎥 MẮC BẪY LŨ TÍ QUẬY | 1 | 18:00 → 19:35 | 💰 78.000đ
[09:10:04 22/12/2025] [INFO] 📽️ 5: 1/6 suất.
[09:10:04 22/12/2025] [INFO] 📅 26/12/2025 — THẾ HỆ KỲ TÍCH (BÀ ĐỪNG BUỒN CON) chiếu tại 2 phòng
[09:10:04 22/12/2025] [INFO] 🎬 CHÚ THUẬT HỒI CHIẾN: BIẾN CỐ SHIBUYA x TỬ DIỆT HỒI DU - THE MOVIE | 5 | 11:00 → 12:43
[09:10:04 22/12/2025] [INFO] 🎬 HOÀNG TỬ QUỶ | 5 | 08:45 → 10:57
[09:10:04 22/12/2025] [INFO] 📽️ 5: 7/7 suất
[09:10:04 22/12/2025] [INFO] 🎥 EM SẼ KHỬ ANH | 7 | 20:15 → 20:31 | 💰 152.000đ
[09:10:04 22/12/2025] [INFO] 📽️ 1: 1/6 suất.
[09:10:04 22/12/2025] [INFO] 🎥 THẾ HỆ KỲ TÍCH (BÀ ĐỪNG BUỒN CON) | 7 | 13:30 → 13:46 | 💰 132.000đ
[09:10:04 22/12/2025] [INFO] 🎬  GANGSTER VỀ LÀNG | 4 | 00:15 → 02:15
[09:10:04 22/12/2025] [INFO] 📽️ 7: 2/9 suất.
[09:10:04 22/12/2025] [INFO] 🎥 VUA CỦA CÁC VUA | 4 | 18:00 → 18:16 | 💰 101.000đ
[09:10:04 22/12/2025] [INFO] 🎥 VUA CỦA CÁC VUA | 4 | 00:00 → 00:16 | 💰 70.000đ
[09:10:04 22/12/2025] [INFO] 📽️ 4: 2/9 suất.
[09:10:04 22/12/2025] [INFO] 🎬 🔥 TRUY TÌM LONG DIÊN HƯƠNG | 4 | 13:15 → 15:40
[09:10:04 22/12/2025] [INFO] 📽️ 7: 1/9 suất.
[09:10:04 22/12/2025] [INFO] 🎥 EM SẼ KHỬ ANH | 1 | 11:15 → 11:31 | 💰 88.000đ
[09:10:04 22/12/2025] [INFO] 📅 27/12/2025 — THẾ HỆ KỲ TÍCH (BÀ ĐỪNG BUỒN CON) chiếu tại 3 phòng
[09:10:04 22/12/2025] [INFO] 🎬 TRUY TÌM LONG DIÊN HƯƠNG | 4 | 17:45 → 20:10
[09:10:04 22/12/2025] [INFO] 🎬 CƯỚI VỢ CHO CHA | 4 | 08:45 → 10:52
[09:10:04 22/12/2025] [INFO] 🎥 EM SẼ KHỬ ANH | 1 | 13:30 → 13:46 | 💰 88.000đ
[09:10:04 22/12/2025] [INFO] 📽️ 1: 2/9 suất.
[09:10:04 22/12/2025] [INFO] 📅 27/12/2025 — EM SẼ KHỬ ANH chiếu tại 3 phòng
[09:10:04 22/12/2025] [INFO] 🎬 ANH TRAI SAY XE | 4 | 13:15 → 15:20
[09:10:04 22/12/2025] [INFO] 📅 26/12/2025 — MẮC BẪY LŨ TÍ QUẬY chiếu tại 2 phòng
[09:10:04 22/12/2025] [INFO] 🎥 THẾ HỆ KỲ TÍCH (BÀ ĐỪNG BUỒN CON) | 4 | 15:15 → 15:31 | 💰 88.000đ
[09:10:05 22/12/2025] [INFO] 🎬 TAFITI NÁO LOẠN SA MẠC | 4 | 22:15 → 23:50
[09:10:05 22/12/2025] [INFO] 🎬 NĂM ĐÊM KINH HOÀNG 2 | 4 | 00:15 → 02:14
[09:10:05 22/12/2025] [INFO] 📽️ 4: 7/7 suất
[09:10:05 22/12/2025] [INFO] ✅ Hoàn tất tạo suất chiếu cho tuần mới — Tổng cộng: 308 suất!
[09:10:05 22/12/2025] [INFO] ✅ Suất chiếu ban đầu đã được tạo.
[09:10:05 22/12/2025] [INFO] 🎥 EM SẼ KHỬ ANH | 5 | 13:00 → 13:16 | 💰 88.000đ
[09:10:05 22/12/2025] [INFO] 🎥 THẾ HỆ KỲ TÍCH (BÀ ĐỪNG BUỒN CON) | 4 | 13:00 → 13:16 | 💰 88.000đ
[09:10:05 22/12/2025] [INFO] 🎥 VUA CỦA CÁC VUA | 5 | 13:30 → 13:46 | 💰 88.000đ
[09:10:05 22/12/2025] [INFO] 🎥 MẮC BẪY LŨ TÍ QUẬY | 5 | 11:15 → 12:50 | 💰 88.000đ
[09:10:05 22/12/2025] [INFO] 🎥 EM SẼ KHỬ ANH | 5 | 10:45 → 11:01 | 💰 70.000đ
[09:10:05 22/12/2025] [INFO] 📽️ 5: 1/9 suất.
[09:10:05 22/12/2025] [INFO] 📅 27/12/2025 — VUA CỦA CÁC VUA chiếu tại 2 phòng
[09:10:05 22/12/2025] [INFO] 🎥 THẾ HỆ KỲ TÍCH (BÀ ĐỪNG BUỒN CON) | 4 | 08:30 → 08:46 | 💰 70.000đ
[09:10:05 22/12/2025] [INFO] 📽️ 5: 1/9 suất.
[09:10:05 22/12/2025] [INFO] 📽️ 4: 3/11 suất.
[09:10:05 22/12/2025] [INFO] 🎥 EM SẼ KHỬ ANH | 5 | 15:15 → 15:31 | 💰 88.000đ
[09:10:05 22/12/2025] [INFO] 📽️ 5: 3/11 suất.
[09:10:05 22/12/2025] [INFO] 📅 27/12/2025 — MẮC BẪY LŨ TÍ QUẬY chiếu tại 3 phòng
[09:10:05 22/12/2025] [INFO] 🎥 VUA CỦA CÁC VUA | 2 | 22:00 → 22:16 | 💰 101.000đ
[09:10:05 22/12/2025] [INFO] 🎥 THẾ HỆ KỲ TÍCH (BÀ ĐỪNG BUỒN CON) | 3 | 22:00 → 22:16 | 💰 101.000đ
[09:10:05 22/12/2025] [INFO] 📽️ 3: 1/11 suất.
[09:10:06 22/12/2025] [INFO] 🎥 VUA CỦA CÁC VUA | 2 | 17:30 → 17:46 | 💰 101.000đ
[09:10:06 22/12/2025] [INFO] 📽️ 2: 2/11 suất.
[09:10:06 22/12/2025] [INFO] 📅 28/12/2025 — VUA CỦA CÁC VUA chiếu tại 2 phòng
[09:10:06 22/12/2025] [INFO] 🎥 EM SẼ KHỬ ANH | 6 | 19:45 → 20:01 | 💰 127.000đ
[09:10:06 22/12/2025] [INFO] 🎥 MẮC BẪY LŨ TÍ QUẬY | 2 | 17:30 → 19:05 | 💰 101.000đ
[09:10:06 22/12/2025] [INFO] 📅 28/12/2025 — THẾ HỆ KỲ TÍCH (BÀ ĐỪNG BUỒN CON) chiếu tại 2 phòng
[09:10:06 22/12/2025] [INFO] 📽️ 6: 1/11 suất.
[09:10:06 22/12/2025] [INFO] 📅 28/12/2025 — EM SẼ KHỬ ANH chiếu tại 3 phòng
[09:10:06 22/12/2025] [INFO] 📽️ 2: 1/11 suất.
[09:10:06 22/12/2025] [INFO] 🎥 VUA CỦA CÁC VUA | 6 | 08:45 → 09:01 | 💰 88.000đ
[09:10:06 22/12/2025] [INFO] 🎥 EM SẼ KHỬ ANH | 2 | 00:15 → 00:31 | 💰 70.000đ
[09:10:06 22/12/2025] [INFO] 🎥 EM SẼ KHỬ ANH | 2 | 22:15 → 22:31 | 💰 101.000đ
[09:10:06 22/12/2025] [INFO] 🎥 VUA CỦA CÁC VUA | 6 | 13:15 → 13:31 | 💰 110.000đ
[09:10:06 22/12/2025] [INFO] 🎥 THẾ HỆ KỲ TÍCH (BÀ ĐỪNG BUỒN CON) | 1 | 20:00 → 20:16 | 💰 101.000đ
[09:10:06 22/12/2025] [INFO] 📽️ 1: 1/10 suất.
[09:10:06 22/12/2025] [INFO] 📽️ 6: 2/10 suất.
[09:10:06 22/12/2025] [INFO] 📅 28/12/2025 — MẮC BẪY LŨ TÍ QUẬY chiếu tại 3 phòng
[09:10:06 22/12/2025] [INFO] 🎥 EM SẼ KHỬ ANH | 2 | 11:00 → 11:16 | 💰 88.000đ
[09:10:06 22/12/2025] [INFO] 📽️ 2: 3/10 suất.
[09:10:06 22/12/2025] [INFO] 🎥 THẾ HỆ KỲ TÍCH (BÀ ĐỪNG BUỒN CON) | 2 | 11:00 → 11:16 | 💰 88.000đ
[09:10:06 22/12/2025] [INFO] ✅ Hoàn tất tạo 14 suất chiếu cho phim: VUA CỦA CÁC VUA
[09:10:06 22/12/2025] [INFO] ✅ Hoàn tất tạo suất chiếu cho phim cập nhật: VUA CỦA CÁC VUA
[09:10:06 22/12/2025] [INFO] 📽️ 2: 1/10 suất.
[09:10:06 22/12/2025] [INFO] ✅ Hoàn tất tạo 13 suất chiếu cho phim: THẾ HỆ KỲ TÍCH (BÀ ĐỪNG BUỒN CON)
[09:10:06 22/12/2025] [INFO] ✅ Hoàn tất tạo suất chiếu cho phim cập nhật: THẾ HỆ KỲ TÍCH (BÀ ĐỪNG BUỒN CON)
[09:10:07 22/12/2025] [INFO] 🎥 MẮC BẪY LŨ TÍ QUẬY | 3 | 17:45 → 19:20 | 💰 101.000đ
[09:10:07 22/12/2025] [INFO] 🎥 EM SẼ KHỬ ANH | 5 | 15:30 → 15:46 | 💰 88.000đ
[09:10:07 22/12/2025] [INFO] 🎥 MẮC BẪY LŨ TÍ QUẬY | 3 | 08:45 → 10:20 | 💰 70.000đ
[09:10:07 22/12/2025] [INFO] 📽️ 3: 2/10 suất.
[09:10:07 22/12/2025] [INFO] 🎥 EM SẼ KHỬ ANH | 5 | 17:45 → 18:01 | 💰 101.000đ
[09:10:07 22/12/2025] [INFO] 📽️ 5: 2/10 suất.
[09:10:07 22/12/2025] [INFO] ✅ Hoàn tất tạo 20 suất chiếu cho phim: EM SẼ KHỬ ANH
[09:10:07 22/12/2025] [INFO] ✅ Hoàn tất tạo suất chiếu cho phim cập nhật: EM SẼ KHỬ ANH
[09:10:07 22/12/2025] [INFO] 🎥 MẮC BẪY LŨ TÍ QUẬY | 7 | 22:15 → 23:50 | 💰 152.000đ
[09:10:07 22/12/2025] [INFO] 📽️ 7: 1/10 suất.
[09:10:07 22/12/2025] [INFO] ✅ Hoàn tất tạo 12 suất chiếu cho phim: MẮC BẪY LŨ TÍ QUẬY
[09:10:07 22/12/2025] [INFO] ✅ Hoàn tất tạo suất chiếu cho phim cập nhật: MẮC BẪY LŨ TÍ QUẬY
[09:49:47 22/12/2025] [INFO] 🎬 Bắt đầu theo dõi thay đổi trạng thái phim...
[09:49:47 22/12/2025] [INFO] 🚀 Khởi động CRON tự động tạo suất chiếu...
[09:49:47 22/12/2025] [INFO] 🕒 Bắt đầu tạo suất chiếu cho tuần hiện tại...
[09:49:47 22/12/2025] [INFO] 🧹 Đã xoá toàn bộ suất chiếu cũ hơn 1 tuần.
[09:49:47 22/12/2025] [INFO] 📆 Tuần 22/12/2025 → 28/12/2025
[09:49:48 22/12/2025] [INFO] ⏩ Đã có suất chiếu cho tuần hiện tại, bỏ qua tạo mới.
[09:49:48 22/12/2025] [INFO] ✅ Suất chiếu ban đầu đã được tạo.
[09:56:52 22/12/2025] [INFO] 🎬 Bắt đầu theo dõi thay đổi trạng thái phim...
[09:56:52 22/12/2025] [INFO] 🚀 Khởi động CRON tự động tạo suất chiếu...
[09:56:52 22/12/2025] [INFO] 🕒 Bắt đầu tạo suất chiếu cho tuần hiện tại...
[09:56:53 22/12/2025] [INFO] 🧹 Đã xoá toàn bộ suất chiếu cũ hơn 1 tuần.
[09:56:53 22/12/2025] [INFO] 📆 Tuần 22/12/2025 → 28/12/2025
[09:56:53 22/12/2025] [INFO] ⏩ Đã có suất chiếu cho tuần hiện tại, bỏ qua tạo mới.
[09:56:53 22/12/2025] [INFO] ✅ Suất chiếu ban đầu đã được tạo.
[10:10:25 22/12/2025] [INFO] 🎬 Bắt đầu theo dõi thay đổi trạng thái phim...
[10:10:25 22/12/2025] [INFO] 🚀 Khởi động CRON tự động tạo suất chiếu...
[10:10:25 22/12/2025] [INFO] 🕒 Bắt đầu tạo suất chiếu cho tuần hiện tại...
[10:10:26 22/12/2025] [INFO] 🧹 Đã xoá toàn bộ suất chiếu cũ hơn 1 tuần.
[10:10:26 22/12/2025] [INFO] 📆 Tuần 22/12/2025 → 28/12/2025
[10:10:26 22/12/2025] [INFO] ⏩ Đã có suất chiếu cho tuần hiện tại, bỏ qua tạo mới.
[10:10:26 22/12/2025] [INFO] ✅ Suất chiếu ban đầu đã được tạo.
